Archive member included to satisfy reference by file (symbol)

c:/program files (x86)/atmel/studio/7.0/toolchain/arm/arm-gnu-toolchain/bin/../lib/gcc/arm-none-eabi/6.3.1/../../../../arm-none-eabi/lib/thumb/v7e-m\libc.a(lib_a-exit.o)
                              c:/program files (x86)/atmel/studio/7.0/toolchain/arm/arm-gnu-toolchain/bin/../lib/gcc/arm-none-eabi/6.3.1/../../../../arm-none-eabi/lib/thumb/v7e-m/crt0.o (exit)
c:/program files (x86)/atmel/studio/7.0/toolchain/arm/arm-gnu-toolchain/bin/../lib/gcc/arm-none-eabi/6.3.1/../../../../arm-none-eabi/lib/thumb/v7e-m\libc.a(lib_a-impure.o)
                              c:/program files (x86)/atmel/studio/7.0/toolchain/arm/arm-gnu-toolchain/bin/../lib/gcc/arm-none-eabi/6.3.1/../../../../arm-none-eabi/lib/thumb/v7e-m\libc.a(lib_a-exit.o) (_global_impure_ptr)
c:/program files (x86)/atmel/studio/7.0/toolchain/arm/arm-gnu-toolchain/bin/../lib/gcc/arm-none-eabi/6.3.1/../../../../arm-none-eabi/lib/thumb/v7e-m\libc.a(lib_a-init.o)
                              c:/program files (x86)/atmel/studio/7.0/toolchain/arm/arm-gnu-toolchain/bin/../lib/gcc/arm-none-eabi/6.3.1/../../../../arm-none-eabi/lib/thumb/v7e-m/crt0.o (__libc_init_array)
c:/program files (x86)/atmel/studio/7.0/toolchain/arm/arm-gnu-toolchain/bin/../lib/gcc/arm-none-eabi/6.3.1/../../../../arm-none-eabi/lib/thumb/v7e-m\libc.a(lib_a-iprintf.o)
                              src/main.o (iprintf)
c:/program files (x86)/atmel/studio/7.0/toolchain/arm/arm-gnu-toolchain/bin/../lib/gcc/arm-none-eabi/6.3.1/../../../../arm-none-eabi/lib/thumb/v7e-m\libc.a(lib_a-memset.o)
                              c:/program files (x86)/atmel/studio/7.0/toolchain/arm/arm-gnu-toolchain/bin/../lib/gcc/arm-none-eabi/6.3.1/../../../../arm-none-eabi/lib/thumb/v7e-m/crt0.o (memset)
c:/program files (x86)/atmel/studio/7.0/toolchain/arm/arm-gnu-toolchain/bin/../lib/gcc/arm-none-eabi/6.3.1/../../../../arm-none-eabi/lib/thumb/v7e-m\libc.a(lib_a-setbuf.o)
                              src/main.o (setbuf)
c:/program files (x86)/atmel/studio/7.0/toolchain/arm/arm-gnu-toolchain/bin/../lib/gcc/arm-none-eabi/6.3.1/../../../../arm-none-eabi/lib/thumb/v7e-m\libc.a(lib_a-setvbuf.o)
                              c:/program files (x86)/atmel/studio/7.0/toolchain/arm/arm-gnu-toolchain/bin/../lib/gcc/arm-none-eabi/6.3.1/../../../../arm-none-eabi/lib/thumb/v7e-m\libc.a(lib_a-setbuf.o) (setvbuf)
c:/program files (x86)/atmel/studio/7.0/toolchain/arm/arm-gnu-toolchain/bin/../lib/gcc/arm-none-eabi/6.3.1/../../../../arm-none-eabi/lib/thumb/v7e-m\libc.a(lib_a-vfiprintf.o)
                              c:/program files (x86)/atmel/studio/7.0/toolchain/arm/arm-gnu-toolchain/bin/../lib/gcc/arm-none-eabi/6.3.1/../../../../arm-none-eabi/lib/thumb/v7e-m\libc.a(lib_a-iprintf.o) (_vfiprintf_r)
c:/program files (x86)/atmel/studio/7.0/toolchain/arm/arm-gnu-toolchain/bin/../lib/gcc/arm-none-eabi/6.3.1/../../../../arm-none-eabi/lib/thumb/v7e-m\libc.a(lib_a-wsetup.o)
                              c:/program files (x86)/atmel/studio/7.0/toolchain/arm/arm-gnu-toolchain/bin/../lib/gcc/arm-none-eabi/6.3.1/../../../../arm-none-eabi/lib/thumb/v7e-m\libc.a(lib_a-vfiprintf.o) (__swsetup_r)
c:/program files (x86)/atmel/studio/7.0/toolchain/arm/arm-gnu-toolchain/bin/../lib/gcc/arm-none-eabi/6.3.1/../../../../arm-none-eabi/lib/thumb/v7e-m\libc.a(lib_a-__call_atexit.o)
                              c:/program files (x86)/atmel/studio/7.0/toolchain/arm/arm-gnu-toolchain/bin/../lib/gcc/arm-none-eabi/6.3.1/../../../../arm-none-eabi/lib/thumb/v7e-m\libc.a(lib_a-exit.o) (__call_exitprocs)
c:/program files (x86)/atmel/studio/7.0/toolchain/arm/arm-gnu-toolchain/bin/../lib/gcc/arm-none-eabi/6.3.1/../../../../arm-none-eabi/lib/thumb/v7e-m\libc.a(lib_a-atexit.o)
                              c:/program files (x86)/atmel/studio/7.0/toolchain/arm/arm-gnu-toolchain/bin/../lib/gcc/arm-none-eabi/6.3.1/../../../../arm-none-eabi/lib/thumb/v7e-m\libc.a(lib_a-__call_atexit.o) (atexit)
c:/program files (x86)/atmel/studio/7.0/toolchain/arm/arm-gnu-toolchain/bin/../lib/gcc/arm-none-eabi/6.3.1/../../../../arm-none-eabi/lib/thumb/v7e-m\libc.a(lib_a-fflush.o)
                              c:/program files (x86)/atmel/studio/7.0/toolchain/arm/arm-gnu-toolchain/bin/../lib/gcc/arm-none-eabi/6.3.1/../../../../arm-none-eabi/lib/thumb/v7e-m\libc.a(lib_a-setvbuf.o) (_fflush_r)
c:/program files (x86)/atmel/studio/7.0/toolchain/arm/arm-gnu-toolchain/bin/../lib/gcc/arm-none-eabi/6.3.1/../../../../arm-none-eabi/lib/thumb/v7e-m\libc.a(lib_a-findfp.o)
                              c:/program files (x86)/atmel/studio/7.0/toolchain/arm/arm-gnu-toolchain/bin/../lib/gcc/arm-none-eabi/6.3.1/../../../../arm-none-eabi/lib/thumb/v7e-m\libc.a(lib_a-setvbuf.o) (__sinit)
c:/program files (x86)/atmel/studio/7.0/toolchain/arm/arm-gnu-toolchain/bin/../lib/gcc/arm-none-eabi/6.3.1/../../../../arm-none-eabi/lib/thumb/v7e-m\libc.a(lib_a-fini.o)
[...]
Memory Configuration

Name             Origin             Length             Attributes
rom              0x00400000         0x00200000         xr
ram              0x20400000         0x00060000         xrw
*default*        0x00000000         0xffffffff

Linker script and memory map

LOAD c:/program files (x86)/atmel/studio/7.0/toolchain/arm/arm-gnu-toolchain/bin/../lib/gcc/arm-none-eabi/6.3.1/thumb/v7e-m/crti.o
LOAD c:/program files (x86)/atmel/studio/7.0/toolchain/arm/arm-gnu-toolchain/bin/../lib/gcc/arm-none-eabi/6.3.1/thumb/v7e-m/crtbegin.o
LOAD c:/program files (x86)/atmel/studio/7.0/toolchain/arm/arm-gnu-toolchain/bin/../lib/gcc/arm-none-eabi/6.3.1/../../../../arm-none-eabi/lib/thumb/v7e-m/crt0.o
LOAD src/ASF/common/utils/stdio/read.o
LOAD src/ASF/common/utils/stdio/write.o
LOAD src/ASF/sam/drivers/usart/usart.o
LOAD src/ASF/common/services/serial/usart_serial.o
LOAD src/ASF/sam/drivers/sdramc/sdramc.o
LOAD src/ASF/common/services/delay/sam/cycle_counter.o
LOAD src/ASF/sam/drivers/uart/uart.o
LOAD src/ASF/common/services/usb/class/vendor/device/example/samv71q21_samv71_xplained_ultra/ui.o
LOAD src/ASF/common/services/clock/samv71/sysclk.o
LOAD src/ASF/common/services/sleepmgr/sam/sleepmgr.o
LOAD src/ASF/common/services/usb/class/vendor/device/udi_vendor.o
LOAD src/ASF/common/services/usb/class/vendor/device/udi_vendor_desc.o
LOAD src/ASF/common/services/usb/udc/udc.o
LOAD src/ASF/common/utils/interrupt/interrupt_sam_nvic.o
LOAD src/ASF/sam/boards/samv71_xplained_ultra/init.o
LOAD src/ASF/sam/drivers/mpu/mpu.o
LOAD src/ASF/sam/drivers/pio/pio.o
LOAD src/ASF/sam/drivers/pio/pio_handler.o
LOAD src/ASF/sam/drivers/pmc/pmc.o
LOAD src/ASF/sam/drivers/pmc/sleep.o
LOAD src/ASF/sam/drivers/usbhs/usbhs_device.o
LOAD src/ASF/sam/utils/cmsis/samv71/source/templates/gcc/startup_samv71.o
LOAD src/ASF/sam/utils/cmsis/samv71/source/templates/system_samv71.o
LOAD src/ASF/sam/utils/syscalls/gcc/syscalls.o
LOAD src/main.o
START GROUP
LOAD ../src/ASF/thirdparty/CMSIS/Lib/GCC\libarm_cortexM7lfsp_math_softfp.a
LOAD c:/program files (x86)/atmel/studio/7.0/toolchain/arm/arm-gnu-toolchain/bin/../lib/gcc/arm-none-eabi/6.3.1/../../../../arm-none-eabi/lib/thumb/v7e-m\libm.a
END GROUP
START GROUP
LOAD c:/program files (x86)/atmel/studio/7.0/toolchain/arm/arm-gnu-toolchain/bin/../lib/gcc/arm-none-eabi/6.3.1/thumb/v7e-m\libgcc.a
LOAD c:/program files (x86)/atmel/studio/7.0/toolchain/arm/arm-gnu-toolchain/bin/../lib/gcc/arm-none-eabi/6.3.1/../../../../arm-none-eabi/lib/thumb/v7e-m\libc.a
END GROUP
LOAD c:/program files (x86)/atmel/studio/7.0/toolchain/arm/arm-gnu-toolchain/bin/../lib/gcc/arm-none-eabi/6.3.1/thumb/v7e-m/crtend.o
LOAD c:/program files (x86)/atmel/studio/7.0/toolchain/arm/arm-gnu-toolchain/bin/../lib/gcc/arm-none-eabi/6.3.1/thumb/v7e-m/crtn.o
                0x00002000                STACK_SIZE = DEFINED (STACK_SIZE)?STACK_SIZE:0x2000
                0x2045fffc                __ram_end__ = ((ORIGIN (ram) + LENGTH (ram)) - 0x4)
                0x00000200                HEAP_SIZE = DEFINED (HEAP_SIZE)?HEAP_SIZE:0x200

.text           0x00400000     0x6fc8
                0x00400000                . = ALIGN (0x4)
                0x00400000                _sfixed = .
 *(.vectors .vectors.*)
 .vectors       0x00400000      0x168 src/ASF/sam/utils/cmsis/samv71/source/templates/gcc/startup_samv71.o
                0x00400000                exception_table
 *(.text .text.* .gnu.linkonce.t.*)
 .text          0x00400168       0x6c c:/program files (x86)/atmel/studio/7.0/toolchain/arm/arm-gnu-toolchain/bin/../lib/gcc/arm-none-eabi/6.3.1/thumb/v7e-m/crtbegin.o
 .text._read    0x004001d4       0x3c src/ASF/common/utils/stdio/read.o
                0x004001d4                _read
 .text._write   0x00400210       0x50 src/ASF/common/utils/stdio/write.o
                0x00400210                _write
 .text.usart_write
                0x00400260       0x16 src/ASF/sam/drivers/usart/usart.o
                0x00400260                usart_write
 .text.usart_read
                0x00400276       0x18 src/ASF/sam/drivers/usart/usart.o
                0x00400276                usart_read
 *fill*         0x0040028e        0x2 
 .text.sdramc_init
                0x00400290      0x160 src/ASF/sam/drivers/sdramc/sdramc.o
                0x00400290                sdramc_init
 .text.uart_init
                0x004003f0       0x30 src/ASF/sam/drivers/uart/uart.o
                0x004003f0                uart_init
 .text.uart_enable_tx
                0x00400420        0x6 src/ASF/sam/drivers/uart/uart.o
                0x00400420                uart_enable_tx
 .text.uart_write
                0x00400426       0x12 src/ASF/sam/drivers/uart/uart.o
                0x00400426                uart_write
 .text.uart_read
                0x00400438       0x14 src/ASF/sam/drivers/uart/uart.o
                0x00400438                uart_read
 .text.ui_powerdown
                0x0040044c       0x18 src/ASF/common/services/usb/class/vendor/device/example/samv71q21_samv71_xplained_ultra/ui.o
                0x0040044c                ui_powerdown
 .text.ui_wakeup
                0x00400464       0x10 src/ASF/common/services/usb/class/vendor/device/example/samv71q21_samv71_xplained_ultra/ui.o
                0x00400464                ui_wakeup
 .text.ui_loop_back_state
                0x00400474       0x1c src/ASF/common/services/usb/class/vendor/device/example/samv71q21_samv71_xplained_ultra/ui.o
                0x00400474                ui_loop_back_state
 .text.ui_process
                0x00400490       0x38 src/ASF/common/services/usb/class/vendor/device/example/samv71q21_samv71_xplained_ultra/ui.o
                0x00400490                ui_process
 .text.sysclk_enable_usb
                0x004004c8       0x20 src/ASF/common/services/clock/samv71/sysclk.o
                0x004004c8                sysclk_enable_usb
 .text.sysclk_init
                0x004004e8       0x70 src/ASF/common/services/clock/samv71/sysclk.o
                0x004004e8                sysclk_init
 .text.udi_vendor_getsetting
                0x00400558        0xc src/ASF/common/services/usb/class/vendor/device/udi_vendor.o
                0x00400558                udi_vendor_getsetting
 .text.udi_vendor_enable
                0x00400564       0x28 src/ASF/common/services/usb/class/vendor/device/udi_vendor.o
                0x00400564                udi_vendor_enable
 .text.udi_vendor_disable
                0x0040058c       0x1c src/ASF/common/services/usb/class/vendor/device/udi_vendor.o
                0x0040058c                udi_vendor_disable
 .text.udi_vendor_setup
                0x004005a8       0x5c src/ASF/common/services/usb/class/vendor/device/udi_vendor.o
                0x004005a8                udi_vendor_setup
 .text.udi_vendor_interrupt_in_run
                0x00400604       0x1c src/ASF/common/services/usb/class/vendor/device/udi_vendor.o
                0x00400604                udi_vendor_interrupt_in_run
 .text.udi_vendor_interrupt_out_run
                0x00400620       0x1c src/ASF/common/services/usb/class/vendor/device/udi_vendor.o
                0x00400620                udi_vendor_interrupt_out_run
 .text.udi_vendor_bulk_in_run
                0x0040063c       0x1c src/ASF/common/services/usb/class/vendor/device/udi_vendor.o
                0x0040063c                udi_vendor_bulk_in_run
 .text.udi_vendor_bulk_out_run
                0x00400658       0x1c src/ASF/common/services/usb/class/vendor/device/udi_vendor.o
                0x00400658                udi_vendor_bulk_out_run
 .text.udi_vendor_iso_in_run
                0x00400674       0x1c src/ASF/common/services/usb/class/vendor/device/udi_vendor.o
                0x00400674                udi_vendor_iso_in_run
 .text.udi_vendor_iso_out_run
                0x00400690       0x1c src/ASF/common/services/usb/class/vendor/device/udi_vendor.o
                0x00400690                udi_vendor_iso_out_run
 .text.udc_next_desc_in_iface
                0x004006ac       0x48 src/ASF/common/services/usb/udc/udc.o
 .text.udc_valid_address
                0x004006f4       0x18 src/ASF/common/services/usb/udc/udc.o
 .text.udc_update_iface_desc
                0x0040070c       0x74 src/ASF/common/services/usb/udc/udc.o
 .text.udc_iface_disable
                0x00400780       0x6c src/ASF/common/services/usb/udc/udc.o
 .text.udc_iface_enable
                0x004007ec       0x5c src/ASF/common/services/usb/udc/udc.o
 .text.udc_get_interface_desc
                0x00400848        0xc src/ASF/common/services/usb/udc/udc.o
                0x00400848                udc_get_interface_desc
 .text.udc_start
                0x00400854        0xc src/ASF/common/services/usb/udc/udc.o
                0x00400854                udc_start
 .text.udc_reset
                0x00400860       0x48 src/ASF/common/services/usb/udc/udc.o
                0x00400860                udc_reset
 .text.udc_sof_notify
                0x004008a8       0x40 src/ASF/common/services/usb/udc/udc.o
                0x004008a8                udc_sof_notify
 .text.udc_process_setup
                0x004008e8      0x450 src/ASF/common/services/usb/udc/udc.o
                0x004008e8                udc_process_setup
 .text.board_init
                0x00400d38      0x25c src/ASF/sam/boards/samv71_xplained_ultra/init.o
                0x00400d38                board_init
 .text.pio_set_peripheral
                0x00400f94       0x92 src/ASF/sam/drivers/pio/pio.o
                0x00400f94                pio_set_peripheral
 .text.pio_set_input
                0x00401026       0x36 src/ASF/sam/drivers/pio/pio.o
                0x00401026                pio_set_input
 .text.pio_set_output
                0x0040105c       0x28 src/ASF/sam/drivers/pio/pio.o
                0x0040105c                pio_set_output
 .text.pio_get_interrupt_status
                0x00401084        0x4 src/ASF/sam/drivers/pio/pio.o
                0x00401084                pio_get_interrupt_status
 .text.pio_get_interrupt_mask
                0x00401088        0x4 src/ASF/sam/drivers/pio/pio.o
                0x00401088                pio_get_interrupt_mask
 .text.pio_configure_pin
                0x0040108c      0x130 src/ASF/sam/drivers/pio/pio.o
                0x0040108c                pio_configure_pin
 .text.pio_handler_process
                0x004011bc       0x50 src/ASF/sam/drivers/pio/pio_handler.o
                0x004011bc                pio_handler_process
 .text.PIOA_Handler
                0x0040120c       0x14 src/ASF/sam/drivers/pio/pio_handler.o
                0x0040120c                PIOA_Handler
 .text.PIOB_Handler
                0x00401220       0x14 src/ASF/sam/drivers/pio/pio_handler.o
                0x00401220                PIOB_Handler
 .text.PIOC_Handler
                0x00401234       0x14 src/ASF/sam/drivers/pio/pio_handler.o
                0x00401234                PIOC_Handler
 .text.PIOD_Handler
                0x00401248       0x14 src/ASF/sam/drivers/pio/pio_handler.o
                0x00401248                PIOD_Handler
 .text.PIOE_Handler
                0x0040125c       0x14 src/ASF/sam/drivers/pio/pio_handler.o
                0x0040125c                PIOE_Handler
 .text.pmc_mck_set_division
                0x00401270       0x38 src/ASF/sam/drivers/pmc/pmc.o
                0x00401270                pmc_mck_set_division
 .text.pmc_switch_mck_to_pllack
                0x004012a8       0x64 src/ASF/sam/drivers/pmc/pmc.o
                0x004012a8                pmc_switch_mck_to_pllack
 .text.pmc_switch_mainck_to_xtal
                0x0040130c       0x54 src/ASF/sam/drivers/pmc/pmc.o
                0x0040130c                pmc_switch_mainck_to_xtal
 .text.pmc_osc_is_ready_mainck
                0x00401360       0x10 src/ASF/sam/drivers/pmc/pmc.o
                0x00401360                pmc_osc_is_ready_mainck
 .text.pmc_disable_pllack
                0x00401370       0x10 src/ASF/sam/drivers/pmc/pmc.o
                0x00401370                pmc_disable_pllack
 .text.pmc_is_locked_pllack
                0x00401380       0x10 src/ASF/sam/drivers/pmc/pmc.o
                0x00401380                pmc_is_locked_pllack
 .text.pmc_enable_upll_clock
                0x00401390       0x18 src/ASF/sam/drivers/pmc/pmc.o
                0x00401390                pmc_enable_upll_clock
 .text.pmc_enable_periph_clk
                0x004013a8       0x20 src/ASF/sam/drivers/pmc/pmc.o
                0x004013a8                pmc_enable_periph_clk
 .text.pmc_switch_udpck_to_upllck
                0x004013c8       0x14 src/ASF/sam/drivers/pmc/pmc.o
                0x004013c8                pmc_switch_udpck_to_upllck
 .text.pmc_enable_udpck
                0x004013dc        0xc src/ASF/sam/drivers/pmc/pmc.o
                0x004013dc                pmc_enable_udpck
 .text.pmc_set_fast_startup_input
                0x004013e8       0x14 src/ASF/sam/drivers/pmc/pmc.o
                0x004013e8                pmc_set_fast_startup_input
 .text.pmc_set_flash_in_wait_mode
                0x004013fc        0x2 src/ASF/sam/drivers/pmc/pmc.o
                0x004013fc                pmc_set_flash_in_wait_mode
 *fill*         0x004013fe        0x2 
 .text.pmc_enable_waitmode
                0x00401400       0x4c src/ASF/sam/drivers/pmc/pmc.o
                0x00401400                pmc_enable_waitmode
 .text.pmc_sleep
                0x0040144c      0x274 src/ASF/sam/drivers/pmc/sleep.o
                0x0040144c                pmc_sleep
 .text.pmc_is_wakeup_clocks_restored
                0x004016c0       0x10 src/ASF/sam/drivers/pmc/sleep.o
                0x004016c0                pmc_is_wakeup_clocks_restored
 .text.udd_sleep_mode
                0x004016d0       0xa4 src/ASF/sam/drivers/usbhs/usbhs_device.o
 .text.udd_ctrl_init
                0x00401774       0x5c src/ASF/sam/drivers/usbhs/usbhs_device.o
 .text.udd_ctrl_stall_data
                0x004017d0       0x18 src/ASF/sam/drivers/usbhs/usbhs_device.o
 .text.udd_ctrl_send_zlp_in
                0x004017e8       0x54 src/ASF/sam/drivers/usbhs/usbhs_device.o
 .text.udd_ctrl_endofrequest
                0x0040183c       0x10 src/ASF/sam/drivers/usbhs/usbhs_device.o
 .text.udd_ctrl_in_sent
                0x0040184c      0x188 src/ASF/sam/drivers/usbhs/usbhs_device.o
 .text.udd_ep_finish_job
                0x004019d4       0x38 src/ASF/sam/drivers/usbhs/usbhs_device.o
 .text.udd_ep_trans_done
                0x00401a0c      0x1a8 src/ASF/sam/drivers/usbhs/usbhs_device.o
 .text.USBHS_Handler
                0x00401bb4      0x5f0 src/ASF/sam/drivers/usbhs/usbhs_device.o
                0x00401bb4                USBHS_Handler
 .text.udd_attach
                0x004021a4       0x8c src/ASF/sam/drivers/usbhs/usbhs_device.o
                0x004021a4                udd_attach
 .text.udd_enable
                0x00402230      0x148 src/ASF/sam/drivers/usbhs/usbhs_device.o
                0x00402230                udd_enable
 .text.udd_is_high_speed
                0x00402378        0x4 src/ASF/sam/drivers/usbhs/usbhs_device.o
                0x00402378                udd_is_high_speed
 .text.udd_set_address
                0x0040237c       0x28 src/ASF/sam/drivers/usbhs/usbhs_device.o
                0x0040237c                udd_set_address
 .text.udd_getaddress
                0x004023a4       0x10 src/ASF/sam/drivers/usbhs/usbhs_device.o
                0x004023a4                udd_getaddress
 .text.udd_get_frame_number
                0x004023b4       0x10 src/ASF/sam/drivers/usbhs/usbhs_device.o
                0x004023b4                udd_get_frame_number
 .text.udd_set_setup_payload
                0x004023c4        0xc src/ASF/sam/drivers/usbhs/usbhs_device.o
                0x004023c4                udd_set_setup_payload
 .text.udd_ep_free
                0x004023d0       0x5c src/ASF/sam/drivers/usbhs/usbhs_device.o
                0x004023d0                udd_ep_free
 .text.udd_ep_is_halted
                0x0040242c       0x14 src/ASF/sam/drivers/usbhs/usbhs_device.o
                0x0040242c                udd_ep_is_halted
 .text.udd_ep_set_halt
                0x00402440      0x104 src/ASF/sam/drivers/usbhs/usbhs_device.o
                0x00402440                udd_ep_set_halt
 .text.udd_ep_clear_halt
                0x00402544       0xdc src/ASF/sam/drivers/usbhs/usbhs_device.o
                0x00402544                udd_ep_clear_halt
 .text.udd_ep_run
                0x00402620      0x10c src/ASF/sam/drivers/usbhs/usbhs_device.o
                0x00402620                udd_ep_run
 .text.udd_ep_alloc
                0x0040272c      0x1f8 src/ASF/sam/drivers/usbhs/usbhs_device.o
                0x0040272c                udd_ep_alloc
 .text.udd_ep_abort
                0x00402924       0x88 src/ASF/sam/drivers/usbhs/usbhs_device.o
                0x00402924                udd_ep_abort
 .text.Dummy_Handler
                0x004029ac        0x2 src/ASF/sam/utils/cmsis/samv71/source/templates/gcc/startup_samv71.o
                0x004029ac                DACC_Handler
                0x004029ac                DebugMon_Handler
                0x004029ac                UART3_Handler
                0x004029ac                UART2_Handler
                0x004029ac                TRNG_Handler
                0x004029ac                HardFault_Handler
                0x004029ac                TC2_Handler
                0x004029ac                SysTick_Handler
                0x004029ac                AFEC1_Handler
                0x004029ac                PendSV_Handler
                0x004029ac                NMI_Handler
                0x004029ac                TC7_Handler
                0x004029ac                QSPI_Handler
                0x004029ac                ISI_Handler
                0x004029ac                MCAN0_INT0_Handler
                0x004029ac                TC9_Handler
                0x004029ac                RSWDT_Handler
                0x004029ac                USART0_Handler
                0x004029ac                RTT_Handler
                0x004029ac                IXC_Handler
                0x004029ac                CCF_Handler
                0x004029ac                RTC_Handler
                0x004029ac                UsageFault_Handler
                0x004029ac                TC6_Handler
                0x004029ac                WDT_Handler
                0x004029ac                MCAN1_INT1_Handler
                0x004029ac                TC4_Handler
                0x004029ac                TC1_Handler
                0x004029ac                HSMCI_Handler
                0x004029ac                UART1_Handler
                0x004029ac                TC3_Handler
                0x004029ac                Dummy_Handler
                0x004029ac                TWIHS1_Handler
                0x004029ac                XDMAC_Handler
                0x004029ac                UART4_Handler
                0x004029ac                PWM1_Handler
                0x004029ac                USART1_Handler
                0x004029ac                PWM0_Handler
                0x004029ac                AFEC0_Handler
                0x004029ac                CCW_Handler
                0x004029ac                SSC_Handler
                0x004029ac                TC11_Handler
                0x004029ac                ACC_Handler
                0x004029ac                PMC_Handler
                0x004029ac                GMAC_Handler
                0x004029ac                MCAN0_INT1_Handler
                0x004029ac                GMAC_Q5_Handler
                0x004029ac                MemManage_Handler
                0x004029ac                SUPC_Handler
                0x004029ac                SVC_Handler
                0x004029ac                TC8_Handler
                0x004029ac                MCAN1_INT0_Handler
                0x004029ac                EFC_Handler
                0x004029ac                GMAC_Q1_Handler
                0x004029ac                USART2_Handler
                0x004029ac                SDRAMC_Handler
                0x004029ac                GMAC_Q2_Handler
                0x004029ac                SPI1_Handler
                0x004029ac                TC10_Handler
                0x004029ac                GMAC_Q3_Handler
                0x004029ac                TWIHS2_Handler
                0x004029ac                MLB_Handler
                0x004029ac                I2SC0_Handler
                0x004029ac                UART0_Handler
                0x004029ac                I2SC1_Handler
                0x004029ac                GMAC_Q4_Handler
                0x004029ac                FPU_Handler
                0x004029ac                BusFault_Handler
                0x004029ac                RSTC_Handler
                0x004029ac                TC0_Handler
                0x004029ac                TC5_Handler
                0x004029ac                ICM_Handler
                0x004029ac                AES_Handler
                0x004029ac                TWIHS0_Handler
                0x004029ac                SPI0_Handler
 *fill*         0x004029ae        0x2 
 .text.Reset_Handler
                0x004029b0       0xc8 src/ASF/sam/utils/cmsis/samv71/source/templates/gcc/startup_samv71.o
                0x004029b0                Reset_Handler
 .text.SystemCoreClockUpdate
                0x00402a78      0x10c src/ASF/sam/utils/cmsis/samv71/source/templates/system_samv71.o
                0x00402a78                SystemCoreClockUpdate
 .text.system_init_flash
                0x00402b84       0x8c src/ASF/sam/utils/cmsis/samv71/source/templates/system_samv71.o
                0x00402b84                system_init_flash
 .text._sbrk    0x00402c10       0x38 src/ASF/sam/utils/syscalls/gcc/syscalls.o
                0x00402c10                _sbrk
 .text._close   0x00402c48        0x6 src/ASF/sam/utils/syscalls/gcc/syscalls.o
                0x00402c48                _close
 .text._fstat   0x00402c4e        0xa src/ASF/sam/utils/syscalls/gcc/syscalls.o
                0x00402c4e                _fstat
 .text._isatty  0x00402c58        0x4 src/ASF/sam/utils/syscalls/gcc/syscalls.o
                0x00402c58                _isatty
 .text._lseek   0x00402c5c        0x4 src/ASF/sam/utils/syscalls/gcc/syscalls.o
                0x00402c5c                _lseek
 .text.SCB_EnableDCache
                0x00402c60       0x74 src/main.o
 .text.SCB_CleanInvalidateDCache
                0x00402cd4       0x68 src/main.o
 .text.usart_serial_getchar
                0x00402d3c       0xdc src/main.o
 .text.usart_serial_putchar
                0x00402e18       0xd4 src/main.o
 .text.main_vendor_int_out_received
                0x00402eec       0x48 src/main.o
                0x00402eec                main_vendor_int_out_received
 .text.main_vendor_bulk_in_received
                0x00402f34       0x4c src/main.o
                0x00402f34                main_vendor_bulk_in_received
 .text.main_vendor_bulk_out_received
                0x00402f80       0x54 src/main.o
                0x00402f80                main_vendor_bulk_out_received
 .text.main_vendor_iso_in_received
                0x00402fd4       0x10 src/main.o
                0x00402fd4                main_vendor_iso_in_received
 .text.main_vendor_iso_out_received
                0x00402fe4       0x70 src/main.o
                0x00402fe4                main_vendor_iso_out_received
 .text.configure_console
                0x00403054       0xd0 src/main.o
 .text.main_suspend_action
                0x00403124       0x18 src/main.o
                0x00403124                main_suspend_action
 .text.main_resume_action
                0x0040313c       0x18 src/main.o
                0x0040313c                main_resume_action
 .text.main_sof_action
                0x00403154       0x20 src/main.o
                0x00403154                main_sof_action
 .text.main_vendor_disable
                0x00403174        0xc src/main.o
                0x00403174                main_vendor_disable
 .text.main_setup_out_received
                0x00403180       0x20 src/main.o
                0x00403180                main_setup_out_received
 .text.main_setup_in_received
                0x004031a0       0x20 src/main.o
                0x004031a0                main_setup_in_received
 .text.configPinsSDRAM
                0x004031c0      0x144 src/main.o
                0x004031c0                configPinsSDRAM
 .text.SDRAMtest
                0x00403304      0x7a8 src/main.o
                0x00403304                SDRAMtest
 .text.redBlink
                0x00403aac       0x54 src/main.o
                0x00403aac                redBlink
 .text.main     0x00403b00      0x198 src/main.o
                0x00403b00                main
 .text.sendPic  0x00403c98       0x14 src/main.o
                0x00403c98                sendPic
 .text.main_vendor_int_in_received
                0x00403cac       0x88 src/main.o
                0x00403cac                main_vendor_int_in_received
 .text.main_vendor_enable
                0x00403d34       0x58 src/main.o
                0x00403d34                main_vendor_enable
 .text.__libc_init_array
                0x00403d8c       0x50 c:/program files (x86)/atmel/studio/7.0/toolchain/arm/arm-gnu-toolchain/bin/../lib/gcc/arm-none-eabi/6.3.1/../../../../arm-none-eabi/lib/thumb/v7e-m\libc.a(lib_a-init.o)
                0x00403d8c                __libc_init_array
 .text.iprintf  0x00403ddc       0x28 c:/program files (x86)/atmel/studio/7.0/toolchain/arm/arm-gnu-toolchain/bin/../lib/gcc/arm-none-eabi/6.3.1/../../../../arm-none-eabi/lib/thumb/v7e-m\libc.a(lib_a-iprintf.o)
                0x00403ddc                iprintf
 .text.memset   0x00403e04       0x9c c:/program files (x86)/atmel/studio/7.0/toolchain/arm/arm-gnu-toolchain/bin/../lib/gcc/arm-none-eabi/6.3.1/../../../../arm-none-eabi/lib/thumb/v7e-m\libc.a(lib_a-memset.o)
                0x00403e04                memset
 .text.setbuf   0x00403ea0       0x10 c:/program files (x86)/atmel/studio/7.0/toolchain/arm/arm-gnu-toolchain/bin/../lib/gcc/arm-none-eabi/6.3.1/../../../../arm-none-eabi/lib/thumb/v7e-m\libc.a(lib_a-setbuf.o)
                0x00403ea0                setbuf
 .text.setvbuf  0x00403eb0      0x190 c:/program files (x86)/atmel/studio/7.0/toolchain/arm/arm-gnu-toolchain/bin/../lib/gcc/arm-none-eabi/6.3.1/../../../../arm-none-eabi/lib/thumb/v7e-m\libc.a(lib_a-setvbuf.o)
                0x00403eb0                setvbuf
 .text.__sprint_r.part.0
                0x00404040       0x80 c:/program files (x86)/atmel/studio/7.0/toolchain/arm/arm-gnu-toolchain/bin/../lib/gcc/arm-none-eabi/6.3.1/../../../../arm-none-eabi/lib/thumb/v7e-m\libc.a(lib_a-vfiprintf.o)
 .text._vfiprintf_r
                0x004040c0      0xc90 c:/program files (x86)/atmel/studio/7.0/toolchain/arm/arm-gnu-toolchain/bin/../lib/gcc/arm-none-eabi/6.3.1/../../../../arm-none-eabi/lib/thumb/v7e-m\libc.a(lib_a-vfiprintf.o)
                0x004040c0                _vfiprintf_r
 .text.__sbprintf
                0x00404d50       0x84 c:/program files (x86)/atmel/studio/7.0/toolchain/arm/arm-gnu-toolchain/bin/../lib/gcc/arm-none-eabi/6.3.1/../../../../arm-none-eabi/lib/thumb/v7e-m\libc.a(lib_a-vfiprintf.o)
 .text.__swsetup_r
                0x00404dd4       0xc8 c:/program files (x86)/atmel/studio/7.0/toolchain/arm/arm-gnu-toolchain/bin/../lib/gcc/arm-none-eabi/6.3.1/../../../../arm-none-eabi/lib/thumb/v7e-m\libc.a(lib_a-wsetup.o)
                0x00404dd4                __swsetup_r
 .text.startup.register_fini
                0x00404e9c       0x14 c:/program files (x86)/atmel/studio/7.0/toolchain/arm/arm-gnu-toolchain/bin/../lib/gcc/arm-none-eabi/6.3.1/../../../../arm-none-eabi/lib/thumb/v7e-m\libc.a(lib_a-__call_atexit.o)
 .text.atexit   0x00404eb0        0xc c:/program files (x86)/atmel/studio/7.0/toolchain/arm/arm-gnu-toolchain/bin/../lib/gcc/arm-none-eabi/6.3.1/../../../../arm-none-eabi/lib/thumb/v7e-m\libc.a(lib_a-atexit.o)
                0x00404eb0                atexit
 .text.__sflush_r
                0x00404ebc      0x140 c:/program files (x86)/atmel/studio/7.0/toolchain/arm/arm-gnu-toolchain/bin/../lib/gcc/arm-none-eabi/6.3.1/../../../../arm-none-eabi/lib/thumb/v7e-m\libc.a(lib_a-fflush.o)
                0x00404ebc                __sflush_r
 .text._fflush_r
                0x00404ffc       0x54 c:/program files (x86)/atmel/studio/7.0/toolchain/arm/arm-gnu-toolchain/bin/../lib/gcc/arm-none-eabi/6.3.1/../../../../arm-none-eabi/lib/thumb/v7e-m\libc.a(lib_a-fflush.o)
                0x00404ffc                _fflush_r
 .text._cleanup_r
                0x00405050        0xc c:/program files (x86)/atmel/studio/7.0/toolchain/arm/arm-gnu-toolchain/bin/../lib/gcc/arm-none-eabi/6.3.1/../../../../arm-none-eabi/lib/thumb/v7e-m\libc.a(lib_a-findfp.o)
                0x00405050                _cleanup_r
 .text.std.isra.0
                0x0040505c       0x50 c:/program files (x86)/atmel/studio/7.0/toolchain/arm/arm-gnu-toolchain/bin/../lib/gcc/arm-none-eabi/6.3.1/../../../../arm-none-eabi/lib/thumb/v7e-m\libc.a(lib_a-findfp.o)
 .text.__sinit  0x004050ac       0x58 c:/program files (x86)/atmel/studio/7.0/toolchain/arm/arm-gnu-toolchain/bin/../lib/gcc/arm-none-eabi/6.3.1/../../../../arm-none-eabi/lib/thumb/v7e-m\libc.a(lib_a-findfp.o)
                0x004050ac                __sinit
 .text.__sfp_lock_acquire
                0x00405104        0xc c:/program files (x86)/atmel/studio/7.0/toolchain/arm/arm-gnu-toolchain/bin/../lib/gcc/arm-none-eabi/6.3.1/../../../../arm-none-eabi/lib/thumb/v7e-m\libc.a(lib_a-findfp.o)
                0x00405104                __sfp_lock_acquire
 .text.__sfp_lock_release
                0x00405110        0xc c:/program files (x86)/atmel/studio/7.0/toolchain/arm/arm-gnu-toolchain/bin/../lib/gcc/arm-none-eabi/6.3.1/../../../../arm-none-eabi/lib/thumb/v7e-m\libc.a(lib_a-findfp.o)
                0x00405110                __sfp_lock_release
 .text.__libc_fini_array
                0x0040511c       0x34 c:/program files (x86)/atmel/studio/7.0/toolchain/arm/arm-gnu-toolchain/bin/../lib/gcc/arm-none-eabi/6.3.1/../../../../arm-none-eabi/lib/thumb/v7e-m\libc.a(lib_a-fini.o)
                0x0040511c                __libc_fini_array
 .text.__fputwc
                0x00405150       0xa0 c:/program files (x86)/atmel/studio/7.0/toolchain/arm/arm-gnu-toolchain/bin/../lib/gcc/arm-none-eabi/6.3.1/../../../../arm-none-eabi/lib/thumb/v7e-m\libc.a(lib_a-fputwc.o)
                0x00405150                __fputwc
 .text._fputwc_r
                0x004051f0       0x68 c:/program files (x86)/atmel/studio/7.0/toolchain/arm/arm-gnu-toolchain/bin/../lib/gcc/arm-none-eabi/6.3.1/../../../../arm-none-eabi/lib/thumb/v7e-m\libc.a(lib_a-fputwc.o)
                0x004051f0                _fputwc_r
 .text._malloc_trim_r
                0x00405258       0xa0 c:/program files (x86)/atmel/studio/7.0/toolchain/arm/arm-gnu-toolchain/bin/../lib/gcc/arm-none-eabi/6.3.1/../../../../arm-none-eabi/lib/thumb/v7e-m\libc.a(lib_a-freer.o)
                0x00405258                _malloc_trim_r
 .text._free_r  0x004052f8      0x1cc c:/program files (x86)/atmel/studio/7.0/toolchain/arm/arm-gnu-toolchain/bin/../lib/gcc/arm-none-eabi/6.3.1/../../../../arm-none-eabi/lib/thumb/v7e-m\libc.a(lib_a-freer.o)
                0x004052f8                _free_r
 .text.__sfvwrite_r
                0x004054c4      0x2f0 c:/program files (x86)/atmel/studio/7.0/toolchain/arm/arm-gnu-toolchain/bin/../lib/gcc/arm-none-eabi/6.3.1/../../../../arm-none-eabi/lib/thumb/v7e-m\libc.a(lib_a-fvwrite.o)
                0x004054c4                __sfvwrite_r
 .text._fwalk_reent
                0x004057b4       0x54 c:/program files (x86)/atmel/studio/7.0/toolchain/arm/arm-gnu-toolchain/bin/../lib/gcc/arm-none-eabi/6.3.1/../../../../arm-none-eabi/lib/thumb/v7e-m\libc.a(lib_a-fwalk.o)
                0x004057b4                _fwalk_reent
 .text.__locale_mb_cur_max
                0x00405808       0x1c c:/program files (x86)/atmel/studio/7.0/toolchain/arm/arm-gnu-toolchain/bin/../lib/gcc/arm-none-eabi/6.3.1/../../../../arm-none-eabi/lib/thumb/v7e-m\libc.a(lib_a-locale.o)
                0x00405808                __locale_mb_cur_max
 .text.__retarget_lock_init_recursive
                0x00405824        0x4 c:/program files (x86)/atmel/studio/7.0/toolchain/arm/arm-gnu-toolchain/bin/../lib/gcc/arm-none-eabi/6.3.1/../../../../arm-none-eabi/lib/thumb/v7e-m\libc.a(lib_a-lock.o)
                0x00405824                __retarget_lock_init_recursive
 .text.__retarget_lock_close_recursive
                0x00405828        0x4 c:/program files (x86)/atmel/studio/7.0/toolchain/arm/arm-gnu-toolchain/bin/../lib/gcc/arm-none-eabi/6.3.1/../../../../arm-none-eabi/lib/thumb/v7e-m\libc.a(lib_a-lock.o)
                0x00405828                __retarget_lock_close_recursive
 .text.__retarget_lock_acquire_recursive
                0x0040582c        0x4 c:/program files (x86)/atmel/studio/7.0/toolchain/arm/arm-gnu-toolchain/bin/../lib/gcc/arm-none-eabi/6.3.1/../../../../arm-none-eabi/lib/thumb/v7e-m\libc.a(lib_a-lock.o)
                0x0040582c                __retarget_lock_acquire_recursive
 .text.__retarget_lock_release_recursive
                0x00405830        0x4 c:/program files (x86)/atmel/studio/7.0/toolchain/arm/arm-gnu-toolchain/bin/../lib/gcc/arm-none-eabi/6.3.1/../../../../arm-none-eabi/lib/thumb/v7e-m\libc.a(lib_a-lock.o)
                0x00405830                __retarget_lock_release_recursive
 .text.__swhatbuf_r
                0x00405834       0x5c c:/program files (x86)/atmel/studio/7.0/toolchain/arm/arm-gnu-toolchain/bin/../lib/gcc/arm-none-eabi/6.3.1/../../../../arm-none-eabi/lib/thumb/v7e-m\libc.a(lib_a-makebuf.o)
                0x00405834                __swhatbuf_r
 .text.__smakebuf_r
                0x00405890       0x94 c:/program files (x86)/atmel/studio/7.0/toolchain/arm/arm-gnu-toolchain/bin/../lib/gcc/arm-none-eabi/6.3.1/../../../../arm-none-eabi/lib/thumb/v7e-m\libc.a(lib_a-makebuf.o)
                0x00405890                __smakebuf_r
 .text.malloc   0x00405924       0x10 c:/program files (x86)/atmel/studio/7.0/toolchain/arm/arm-gnu-toolchain/bin/../lib/gcc/arm-none-eabi/6.3.1/../../../../arm-none-eabi/lib/thumb/v7e-m\libc.a(lib_a-malloc.o)
                0x00405924                malloc
 .text._malloc_r
                0x00405934      0x560 c:/program files (x86)/atmel/studio/7.0/toolchain/arm/arm-gnu-toolchain/bin/../lib/gcc/arm-none-eabi/6.3.1/../../../../arm-none-eabi/lib/thumb/v7e-m\libc.a(lib_a-mallocr.o)
                0x00405934                _malloc_r
 .text.__ascii_mbtowc
                0x00405e94       0x2c c:/program files (x86)/atmel/studio/7.0/toolchain/arm/arm-gnu-toolchain/bin/../lib/gcc/arm-none-eabi/6.3.1/../../../../arm-none-eabi/lib/thumb/v7e-m\libc.a(lib_a-mbtowc_r.o)
                0x00405e94                __ascii_mbtowc
 .text          0x00405ec0       0xa0 c:/program files (x86)/atmel/studio/7.0/toolchain/arm/arm-gnu-toolchain/bin/../lib/gcc/arm-none-eabi/6.3.1/../../../../arm-none-eabi/lib/thumb/v7e-m\libc.a(lib_a-memchr.o)
                0x00405ec0                memchr
 .text          0x00405f60      0x134 c:/program files (x86)/atmel/studio/7.0/toolchain/arm/arm-gnu-toolchain/bin/../lib/gcc/arm-none-eabi/6.3.1/../../../../arm-none-eabi/lib/thumb/v7e-m\libc.a(lib_a-memcpy.o)
                0x00405f60                memcpy
 .text.memmove  0x00406094       0xc8 c:/program files (x86)/atmel/studio/7.0/toolchain/arm/arm-gnu-toolchain/bin/../lib/gcc/arm-none-eabi/6.3.1/../../../../arm-none-eabi/lib/thumb/v7e-m\libc.a(lib_a-memmove.o)
                0x00406094                memmove
 .text.__malloc_lock
                0x0040615c        0xc c:/program files (x86)/atmel/studio/7.0/toolchain/arm/arm-gnu-toolchain/bin/../lib/gcc/arm-none-eabi/6.3.1/../../../../arm-none-eabi/lib/thumb/v7e-m\libc.a(lib_a-mlock.o)
                0x0040615c                __malloc_lock
 .text.__malloc_unlock
                0x00406168        0xc c:/program files (x86)/atmel/studio/7.0/toolchain/arm/arm-gnu-toolchain/bin/../lib/gcc/arm-none-eabi/6.3.1/../../../../arm-none-eabi/lib/thumb/v7e-m\libc.a(lib_a-mlock.o)
                0x00406168                __malloc_unlock
 .text._realloc_r
                0x00406174      0x34c c:/program files (x86)/atmel/studio/7.0/toolchain/arm/arm-gnu-toolchain/bin/../lib/gcc/arm-none-eabi/6.3.1/../../../../arm-none-eabi/lib/thumb/v7e-m\libc.a(lib_a-reallocr.o)
                0x00406174                _realloc_r
 .text._sbrk_r  0x004064c0       0x24 c:/program files (x86)/atmel/studio/7.0/toolchain/arm/arm-gnu-toolchain/bin/../lib/gcc/arm-none-eabi/6.3.1/../../../../arm-none-eabi/lib/thumb/v7e-m\libc.a(lib_a-sbrkr.o)
                0x004064c0                _sbrk_r
 .text.__sread  0x004064e4       0x24 c:/program files (x86)/atmel/studio/7.0/toolchain/arm/arm-gnu-toolchain/bin/../lib/gcc/arm-none-eabi/6.3.1/../../../../arm-none-eabi/lib/thumb/v7e-m\libc.a(lib_a-stdio.o)
                0x004064e4                __sread
 .text.__swrite
                0x00406508       0x3c c:/program files (x86)/atmel/studio/7.0/toolchain/arm/arm-gnu-toolchain/bin/../lib/gcc/arm-none-eabi/6.3.1/../../../../arm-none-eabi/lib/thumb/v7e-m\libc.a(lib_a-stdio.o)
                0x00406508                __swrite
 .text.__sseek  0x00406544       0x20 c:/program files (x86)/atmel/studio/7.0/toolchain/arm/arm-gnu-toolchain/bin/../lib/gcc/arm-none-eabi/6.3.1/../../../../arm-none-eabi/lib/thumb/v7e-m\libc.a(lib_a-stdio.o)
                0x00406544                __sseek
 .text.__sclose
                0x00406564        0x8 c:/program files (x86)/atmel/studio/7.0/toolchain/arm/arm-gnu-toolchain/bin/../lib/gcc/arm-none-eabi/6.3.1/../../../../arm-none-eabi/lib/thumb/v7e-m\libc.a(lib_a-stdio.o)
                0x00406564                __sclose
 *fill*         0x0040656c       0x14 
 .text          0x00406580       0xdc c:/program files (x86)/atmel/studio/7.0/toolchain/arm/arm-gnu-toolchain/bin/../lib/gcc/arm-none-eabi/6.3.1/../../../../arm-none-eabi/lib/thumb/v7e-m\libc.a(lib_a-strlen.o)
                0x00406580                strlen
 .text.__swbuf_r
                0x0040665c       0xb0 c:/program files (x86)/atmel/studio/7.0/toolchain/arm/arm-gnu-toolchain/bin/../lib/gcc/arm-none-eabi/6.3.1/../../../../arm-none-eabi/lib/thumb/v7e-m\libc.a(lib_a-wbuf.o)
                0x0040665c                __swbuf_r
 .text._wcrtomb_r
                0x0040670c       0x54 c:/program files (x86)/atmel/studio/7.0/toolchain/arm/arm-gnu-toolchain/bin/../lib/gcc/arm-none-eabi/6.3.1/../../../../arm-none-eabi/lib/thumb/v7e-m\libc.a(lib_a-wcrtomb.o)
                0x0040670c                _wcrtomb_r
 .text.__ascii_wctomb
                0x00406760       0x1c c:/program files (x86)/atmel/studio/7.0/toolchain/arm/arm-gnu-toolchain/bin/../lib/gcc/arm-none-eabi/6.3.1/../../../../arm-none-eabi/lib/thumb/v7e-m\libc.a(lib_a-wctomb_r.o)
                0x00406760                __ascii_wctomb
 .text._write_r
                0x0040677c       0x2c c:/program files (x86)/atmel/studio/7.0/toolchain/arm/arm-gnu-toolchain/bin/../lib/gcc/arm-none-eabi/6.3.1/../../../../arm-none-eabi/lib/thumb/v7e-m\libc.a(lib_a-writer.o)
                0x0040677c                _write_r
 .text.__register_exitproc
                0x004067a8       0xc4 c:/program files (x86)/atmel/studio/7.0/toolchain/arm/arm-gnu-toolchain/bin/../lib/gcc/arm-none-eabi/6.3.1/../../../../arm-none-eabi/lib/thumb/v7e-m\libc.a(lib_a-__atexit.o)
                0x004067a8                __register_exitproc
 .text._close_r
                0x0040686c       0x24 c:/program files (x86)/atmel/studio/7.0/toolchain/arm/arm-gnu-toolchain/bin/../lib/gcc/arm-none-eabi/6.3.1/../../../../arm-none-eabi/lib/thumb/v7e-m\libc.a(lib_a-closer.o)
                0x0040686c                _close_r
 .text._fclose_r
                0x00406890       0xc4 c:/program files (x86)/atmel/studio/7.0/toolchain/arm/arm-gnu-toolchain/bin/../lib/gcc/arm-none-eabi/6.3.1/../../../../arm-none-eabi/lib/thumb/v7e-m\libc.a(lib_a-fclose.o)
                0x00406890                _fclose_r
 .text._fstat_r
                0x00406954       0x28 c:/program files (x86)/atmel/studio/7.0/toolchain/arm/arm-gnu-toolchain/bin/../lib/gcc/arm-none-eabi/6.3.1/../../../../arm-none-eabi/lib/thumb/v7e-m\libc.a(lib_a-fstatr.o)
                0x00406954                _fstat_r
 .text._isatty_r
                0x0040697c       0x24 c:/program files (x86)/atmel/studio/7.0/toolchain/arm/arm-gnu-toolchain/bin/../lib/gcc/arm-none-eabi/6.3.1/../../../../arm-none-eabi/lib/thumb/v7e-m\libc.a(lib_a-isattyr.o)
                0x0040697c                _isatty_r
 .text._lseek_r
                0x004069a0       0x2c c:/program files (x86)/atmel/studio/7.0/toolchain/arm/arm-gnu-toolchain/bin/../lib/gcc/arm-none-eabi/6.3.1/../../../../arm-none-eabi/lib/thumb/v7e-m\libc.a(lib_a-lseekr.o)
                0x004069a0                _lseek_r
 .text._read_r  0x004069cc       0x2c c:/program files (x86)/atmel/studio/7.0/toolchain/arm/arm-gnu-toolchain/bin/../lib/gcc/arm-none-eabi/6.3.1/../../../../arm-none-eabi/lib/thumb/v7e-m\libc.a(lib_a-readr.o)
                0x004069cc                _read_r
 .text          0x004069f8       0x30 c:/program files (x86)/atmel/studio/7.0/toolchain/arm/arm-gnu-toolchain/bin/../lib/gcc/arm-none-eabi/6.3.1/thumb/v7e-m\libgcc.a(_aeabi_uldivmod.o)
                0x004069f8                __aeabi_uldivmod
 .text          0x00406a28      0x2dc c:/program files (x86)/atmel/studio/7.0/toolchain/arm/arm-gnu-toolchain/bin/../lib/gcc/arm-none-eabi/6.3.1/thumb/v7e-m\libgcc.a(_udivmoddi4.o)
                0x00406a28                __udivmoddi4
 .text          0x00406d04        0x4 c:/program files (x86)/atmel/studio/7.0/toolchain/arm/arm-gnu-toolchain/bin/../lib/gcc/arm-none-eabi/6.3.1/thumb/v7e-m\libgcc.a(_dvmd_tls.o)
                0x00406d04                __aeabi_idiv0
                0x00406d04                __aeabi_ldiv0
 *(.glue_7t)
 .glue_7t       0x00406d08        0x0 linker stubs
 *(.glue_7)
 .glue_7        0x00406d08        0x0 linker stubs
 *(.rodata .rodata* .gnu.linkonce.r.*)
 .rodata.SDRAM_INSIGNIS_16M
                0x00406d08        0xc src/main.o
                0x00406d08                SDRAM_INSIGNIS_16M
 .rodata.SDRAMtest.str1.4
                0x00406d14       0x61 src/main.o
 *fill*         0x00406d75        0x3 
 .rodata.main.str1.4
                0x00406d78        0xe src/main.o
 *fill*         0x00406d86        0x2 
 .rodata.main_vendor_bulk_in_received.str1.4
                0x00406d88       0x29 src/main.o
 *fill*         0x00406db1        0x3 
 .rodata.main_vendor_bulk_out_received.str1.4
                0x00406db4       0x2d src/main.o
 *fill*         0x00406de1        0x3 
 .rodata.main_vendor_int_in_received.str1.4
                0x00406de4       0x2b src/main.o
 *fill*         0x00406e0f        0x1 
 .rodata.main_vendor_int_out_received.str1.4
                0x00406e10       0x20 src/main.o
 .rodata.sendPic.str1.4
                0x00406e30        0xb src/main.o
 *fill*         0x00406e3b        0x1 
 .rodata._global_impure_ptr
                0x00406e3c        0x4 c:/program files (x86)/atmel/studio/7.0/toolchain/arm/arm-gnu-toolchain/bin/../lib/gcc/arm-none-eabi/6.3.1/../../../../arm-none-eabi/lib/thumb/v7e-m\libc.a(lib_a-impure.o)
                0x00406e3c                _global_impure_ptr
 .rodata._vfiprintf_r.str1.4
                0x00406e40       0x2f c:/program files (x86)/atmel/studio/7.0/toolchain/arm/arm-gnu-toolchain/bin/../lib/gcc/arm-none-eabi/6.3.1/../../../../arm-none-eabi/lib/thumb/v7e-m\libc.a(lib_a-vfiprintf.o)
 *fill*         0x00406e6f        0x1 
 .rodata.blanks.7217
                0x00406e70       0x10 c:/program files (x86)/atmel/studio/7.0/toolchain/arm/arm-gnu-toolchain/bin/../lib/gcc/arm-none-eabi/6.3.1/../../../../arm-none-eabi/lib/thumb/v7e-m\libc.a(lib_a-vfiprintf.o)
 .rodata.zeroes.7218
                0x00406e80       0x10 c:/program files (x86)/atmel/studio/7.0/toolchain/arm/arm-gnu-toolchain/bin/../lib/gcc/arm-none-eabi/6.3.1/../../../../arm-none-eabi/lib/thumb/v7e-m\libc.a(lib_a-vfiprintf.o)
 .rodata._setlocale_r.str1.4
                0x00406e90        0xa c:/program files (x86)/atmel/studio/7.0/toolchain/arm/arm-gnu-toolchain/bin/../lib/gcc/arm-none-eabi/6.3.1/../../../../arm-none-eabi/lib/thumb/v7e-m\libc.a(lib_a-locale.o)
                                  0xd (size before relaxing)
 *fill*         0x00406e9a        0x2 
 .rodata.str1.4
                0x00406e9c        0x4 c:/program files (x86)/atmel/studio/7.0/toolchain/arm/arm-gnu-toolchain/bin/../lib/gcc/arm-none-eabi/6.3.1/../../../../arm-none-eabi/lib/thumb/v7e-m\libc.a(lib_a-locale.o)
                                  0x2 (size before relaxing)
 .rodata._ctype_
                0x00406ea0      0x101 c:/program files (x86)/atmel/studio/7.0/toolchain/arm/arm-gnu-toolchain/bin/../lib/gcc/arm-none-eabi/6.3.1/../../../../arm-none-eabi/lib/thumb/v7e-m\libc.a(lib_a-ctype_.o)
                0x00406ea0                _ctype_
 *(.ARM.extab* .gnu.linkonce.armextab.*)
                0x00406fa4                . = ALIGN (0x4)
 *fill*         0x00406fa1        0x3 
 *(.init)
 .init          0x00406fa4        0x4 c:/program files (x86)/atmel/studio/7.0/toolchain/arm/arm-gnu-toolchain/bin/../lib/gcc/arm-none-eabi/6.3.1/thumb/v7e-m/crti.o
                0x00406fa4                _init
 .init          0x00406fa8        0x8 c:/program files (x86)/atmel/studio/7.0/toolchain/arm/arm-gnu-toolchain/bin/../lib/gcc/arm-none-eabi/6.3.1/thumb/v7e-m/crtn.o
                0x00406fb0                . = ALIGN (0x4)
                0x00406fb0                __preinit_array_start = .
 *(.preinit_array)
                0x00406fb0                __preinit_array_end = .
                0x00406fb0                . = ALIGN (0x4)
                0x00406fb0                __init_array_start = .
 *(SORT(.init_array.*))
 .init_array.00000
                0x00406fb0        0x4 c:/program files (x86)/atmel/studio/7.0/toolchain/arm/arm-gnu-toolchain/bin/../lib/gcc/arm-none-eabi/6.3.1/../../../../arm-none-eabi/lib/thumb/v7e-m\libc.a(lib_a-__call_atexit.o)
 *(.init_array)
 .init_array    0x00406fb4        0x4 c:/program files (x86)/atmel/studio/7.0/toolchain/arm/arm-gnu-toolchain/bin/../lib/gcc/arm-none-eabi/6.3.1/thumb/v7e-m/crtbegin.o
                0x00406fb8                __init_array_end = .
                0x00406fb8                . = ALIGN (0x4)
 *crtbegin.o(.ctors)
 *(EXCLUDE_FILE(*crtend.o) .ctors)
 *(SORT(.ctors.*))
 *crtend.o(.ctors)
                0x00406fb8                . = ALIGN (0x4)
 *(.fini)
 .fini          0x00406fb8        0x4 c:/program files (x86)/atmel/studio/7.0/toolchain/arm/arm-gnu-toolchain/bin/../lib/gcc/arm-none-eabi/6.3.1/thumb/v7e-m/crti.o
                0x00406fb8                _fini
 .fini          0x00406fbc        0x8 c:/program files (x86)/atmel/studio/7.0/toolchain/arm/arm-gnu-toolchain/bin/../lib/gcc/arm-none-eabi/6.3.1/thumb/v7e-m/crtn.o
                0x00406fc4                . = ALIGN (0x4)
                0x00406fc4                __fini_array_start = .
 *(.fini_array)
 .fini_array    0x00406fc4        0x4 c:/program files (x86)/atmel/studio/7.0/toolchain/arm/arm-gnu-toolchain/bin/../lib/gcc/arm-none-eabi/6.3.1/thumb/v7e-m/crtbegin.o
 *(SORT(.fini_array.*))
                0x00406fc8                __fini_array_end = .
 *crtbegin.o(.dtors)
 *(EXCLUDE_FILE(*crtend.o) .dtors)
 *(SORT(.dtors.*))
 *crtend.o(.dtors)
                0x00406fc8                . = ALIGN (0x4)
                0x00406fc8                _efixed = .
                [!provide]                PROVIDE (__exidx_start, .)

.vfp11_veneer   0x00406fc8        0x0
 .vfp11_veneer  0x00406fc8        0x0 linker stubs

.v4_bx          0x00406fc8        0x0
 .v4_bx         0x00406fc8        0x0 linker stubs

.iplt           0x00406fc8        0x0
 .iplt          0x00406fc8        0x0 c:/program files (x86)/atmel/studio/7.0/toolchain/arm/arm-gnu-toolchain/bin/../lib/gcc/arm-none-eabi/6.3.1/thumb/v7e-m/crtbegin.o

.ARM.exidx      0x00406fc8        0x8
 *(.ARM.exidx* .gnu.linkonce.armexidx.*)
 .ARM.exidx     0x00406fc8        0x8 c:/program files (x86)/atmel/studio/7.0/toolchain/arm/arm-gnu-toolchain/bin/../lib/gcc/arm-none-eabi/6.3.1/thumb/v7e-m\libgcc.a(_udivmoddi4.o)
                [!provide]                PROVIDE (__exidx_end, .)

.eh_frame       0x00406fd0        0x0
 .eh_frame      0x00406fd0        0x0 c:/program files (x86)/atmel/studio/7.0/toolchain/arm/arm-gnu-toolchain/bin/../lib/gcc/arm-none-eabi/6.3.1/thumb/v7e-m/crtbegin.o

.rel.dyn        0x00406fd0        0x0
 .rel.iplt      0x00406fd0        0x0 c:/program files (x86)/atmel/studio/7.0/toolchain/arm/arm-gnu-toolchain/bin/../lib/gcc/arm-none-eabi/6.3.1/thumb/v7e-m/crtbegin.o

.jcr            0x00406fd0        0x0
 .jcr           0x00406fd0        0x0 c:/program files (x86)/atmel/studio/7.0/toolchain/arm/arm-gnu-toolchain/bin/../lib/gcc/arm-none-eabi/6.3.1/thumb/v7e-m/crtbegin.o

.igot.plt       0x00406fd0        0x0
 .igot.plt      0x00406fd0        0x0 c:/program files (x86)/atmel/studio/7.0/toolchain/arm/arm-gnu-toolchain/bin/../lib/gcc/arm-none-eabi/6.3.1/thumb/v7e-m/crtbegin.o
                0x00406fd0                . = ALIGN (0x4)
                0x00406fd0                _etext = .

.relocate       0x20400000      0xaa0 load address 0x00406fd0
                0x20400000                . = ALIGN (0x4)
                0x20400000                _srelocate = .
 *(.ramfunc .ramfunc.*)
 .ramfunc       0x20400000        0xa src/ASF/common/services/delay/sam/cycle_counter.o
                0x20400000                portable_delay_cycles
 *(.data .data.*)
 *fill*         0x2040000a        0x2 
 .data.udi_api_vendor
                0x2040000c       0x14 src/ASF/common/services/usb/class/vendor/device/udi_vendor.o
                0x2040000c                udi_api_vendor
 .data.udc_config
                0x20400020        0xc src/ASF/common/services/usb/class/vendor/device/udi_vendor_desc.o
                0x20400020                udc_config
 .data.udc_config_lsfs
                0x2040002c        0x8 src/ASF/common/services/usb/class/vendor/device/udi_vendor_desc.o
                0x2040002c                udc_config_lsfs
 .data.udc_desc_fs
                0x20400034       0x45 src/ASF/common/services/usb/class/vendor/device/udi_vendor_desc.o
                0x20400034                udc_desc_fs
 *fill*         0x20400079        0x3 
 .data.udc_device_desc
                0x2040007c       0x12 src/ASF/common/services/usb/class/vendor/device/udi_vendor_desc.o
                0x2040007c                udc_device_desc
 *fill*         0x2040008e        0x2 
 .data.udi_apis
                0x20400090        0x4 src/ASF/common/services/usb/class/vendor/device/udi_vendor_desc.o
                0x20400090                udi_apis
 .data.udc_string_desc
                0x20400094       0x2c src/ASF/common/services/usb/udc/udc.o
 .data.udc_string_desc_languageid
                0x204000c0        0x4 src/ASF/common/services/usb/udc/udc.o
 .data.udc_string_manufacturer_name
                0x204000c4       0x16 src/ASF/common/services/usb/udc/udc.o
 *fill*         0x204000da        0x2 
 .data.udc_string_product_name
                0x204000dc        0xb src/ASF/common/services/usb/udc/udc.o
 .data.g_interrupt_enabled
                0x204000e7        0x1 src/ASF/common/utils/interrupt/interrupt_sam_nvic.o
                0x204000e7                g_interrupt_enabled
 .data.SystemCoreClock
                0x204000e8        0x4 src/ASF/sam/utils/cmsis/samv71/source/templates/system_samv71.o
                0x204000e8                SystemCoreClock
 .data.picBuff  0x204000ec        0x4 src/main.o
                0x204000ec                picBuff
 .data._impure_ptr
                0x204000f0        0x4 c:/program files (x86)/atmel/studio/7.0/toolchain/arm/arm-gnu-toolchain/bin/../lib/gcc/arm-none-eabi/6.3.1/../../../../arm-none-eabi/lib/thumb/v7e-m\libc.a(lib_a-impure.o)
                0x204000f0                _impure_ptr
 *fill*         0x204000f4        0x4 
 .data.impure_data
                0x204000f8      0x428 c:/program files (x86)/atmel/studio/7.0/toolchain/arm/arm-gnu-toolchain/bin/../lib/gcc/arm-none-eabi/6.3.1/../../../../arm-none-eabi/lib/thumb/v7e-m\libc.a(lib_a-impure.o)
 .data.__atexit_recursive_mutex
                0x20400520        0x4 c:/program files (x86)/atmel/studio/7.0/toolchain/arm/arm-gnu-toolchain/bin/../lib/gcc/arm-none-eabi/6.3.1/../../../../arm-none-eabi/lib/thumb/v7e-m\libc.a(lib_a-__call_atexit.o)
                0x20400520                __atexit_recursive_mutex
 .data.__global_locale
                0x20400524      0x16c c:/program files (x86)/atmel/studio/7.0/toolchain/arm/arm-gnu-toolchain/bin/../lib/gcc/arm-none-eabi/6.3.1/../../../../arm-none-eabi/lib/thumb/v7e-m\libc.a(lib_a-locale.o)
                0x20400524                __global_locale
 .data.__malloc_av_
                0x20400690      0x408 c:/program files (x86)/atmel/studio/7.0/toolchain/arm/arm-gnu-toolchain/bin/../lib/gcc/arm-none-eabi/6.3.1/../../../../arm-none-eabi/lib/thumb/v7e-m\libc.a(lib_a-mallocr.o)
                0x20400690                __malloc_av_
 .data.__malloc_sbrk_base
                0x20400a98        0x4 c:/program files (x86)/atmel/studio/7.0/toolchain/arm/arm-gnu-toolchain/bin/../lib/gcc/arm-none-eabi/6.3.1/../../../../arm-none-eabi/lib/thumb/v7e-m\libc.a(lib_a-mallocr.o)
                0x20400a98                __malloc_sbrk_base
 .data.__malloc_trim_threshold
                0x20400a9c        0x4 c:/program files (x86)/atmel/studio/7.0/toolchain/arm/arm-gnu-toolchain/bin/../lib/gcc/arm-none-eabi/6.3.1/../../../../arm-none-eabi/lib/thumb/v7e-m\libc.a(lib_a-mallocr.o)
                0x20400a9c                __malloc_trim_threshold
                0x20400aa0                . = ALIGN (0x4)
                0x20400aa0                _erelocate = .

.bss            0x20400aa0      0x5f0 load address 0x00407a70
                0x20400aa0                . = ALIGN (0x4)
                0x20400aa0                _sbss = .
                0x20400aa0                _szero = .
 *(.bss .bss.*)
 .bss           0x20400aa0       0x1c c:/program files (x86)/atmel/studio/7.0/toolchain/arm/arm-gnu-toolchain/bin/../lib/gcc/arm-none-eabi/6.3.1/thumb/v7e-m/crtbegin.o
 .bss.udi_vendor_alternate_setting
                0x20400abc        0x1 src/ASF/common/services/usb/class/vendor/device/udi_vendor.o
 *fill*         0x20400abd        0x1 
 .bss.udc_device_status
                0x20400abe        0x2 src/ASF/common/services/usb/udc/udc.o
 .bss.udc_ep_status.9602
                0x20400ac0        0x2 src/ASF/common/services/usb/udc/udc.o
 *fill*         0x20400ac2        0x2 
 .bss.udc_iface_setting
                0x20400ac4        0x1 src/ASF/common/services/usb/udc/udc.o
 *fill*         0x20400ac5        0x3 
 .bss.udc_num_configuration
                0x20400ac8        0x1 src/ASF/common/services/usb/udc/udc.o
 *fill*         0x20400ac9        0x3 
 .bss.udc_ptr_conf
                0x20400acc        0x4 src/ASF/common/services/usb/udc/udc.o
 .bss.udc_ptr_iface
                0x20400ad0        0x4 src/ASF/common/services/usb/udc/udc.o
 .bss.gs_interrupt_sources
                0x20400ad4       0x70 src/ASF/sam/drivers/pio/pio_handler.o
 .bss.b_is_sleep_clock_used
                0x20400b44        0x1 src/ASF/sam/drivers/pmc/sleep.o
 *fill*         0x20400b45        0x3 
 .bss.callback_clocks_restored
                0x20400b48        0x4 src/ASF/sam/drivers/pmc/sleep.o
 .bss.b_shortpacket.10751
                0x20400b4c        0x1 src/ASF/sam/drivers/usbhs/usbhs_device.o
 .bss.udd_b_idle
                0x20400b4d        0x1 src/ASF/sam/drivers/usbhs/usbhs_device.o
 .bss.udd_b_sleep_initialized
                0x20400b4e        0x1 src/ASF/sam/drivers/usbhs/usbhs_device.o
 *fill*         0x20400b4f        0x1 
 .bss.udd_ctrl_payload_buf_cnt
                0x20400b50        0x2 src/ASF/sam/drivers/usbhs/usbhs_device.o
 .bss.udd_ctrl_prev_payload_buf_cnt
                0x20400b52        0x2 src/ASF/sam/drivers/usbhs/usbhs_device.o
 .bss.udd_ep_control_state
                0x20400b54        0x1 src/ASF/sam/drivers/usbhs/usbhs_device.o
 *fill*         0x20400b55        0x3 
 .bss.udd_ep_job
                0x20400b58       0x90 src/ASF/sam/drivers/usbhs/usbhs_device.o
 .bss.heap.6420
                0x20400be8        0x4 src/ASF/sam/utils/syscalls/gcc/syscalls.o
 .bss.g_usbFlagA
                0x20400bec        0x1 src/main.o
                0x20400bec                g_usbFlagA
 .bss.g_usbFlagB
                0x20400bed        0x1 src/main.o
                0x20400bed                g_usbFlagB
 .bss.g_usbFlagC
                0x20400bee        0x1 src/main.o
                0x20400bee                g_usbFlagC
 .bss.g_usbFlagD
                0x20400bef        0x1 src/main.o
                0x20400bef                g_usbFlagD
 .bss.main_b_vendor_enable
                0x20400bf0        0x1 src/main.o
 .bss.main_buf_iso_sel
                0x20400bf1        0x1 src/main.o
 *fill*         0x20400bf2        0x2 
 .bss.main_buf_loopback
                0x20400bf4      0x400 src/main.o
 .bss.__malloc_current_mallinfo
                0x20400ff4       0x28 c:/program files (x86)/atmel/studio/7.0/toolchain/arm/arm-gnu-toolchain/bin/../lib/gcc/arm-none-eabi/6.3.1/../../../../arm-none-eabi/lib/thumb/v7e-m\libc.a(lib_a-mallocr.o)
                0x20400ff4                __malloc_current_mallinfo
 .bss.__malloc_max_sbrked_mem
                0x2040101c        0x4 c:/program files (x86)/atmel/studio/7.0/toolchain/arm/arm-gnu-toolchain/bin/../lib/gcc/arm-none-eabi/6.3.1/../../../../arm-none-eabi/lib/thumb/v7e-m\libc.a(lib_a-mallocr.o)
                0x2040101c                __malloc_max_sbrked_mem
 .bss.__malloc_max_total_mem
                0x20401020        0x4 c:/program files (x86)/atmel/studio/7.0/toolchain/arm/arm-gnu-toolchain/bin/../lib/gcc/arm-none-eabi/6.3.1/../../../../arm-none-eabi/lib/thumb/v7e-m\libc.a(lib_a-mallocr.o)
                0x20401020                __malloc_max_total_mem
 .bss.__malloc_top_pad
                0x20401024        0x4 c:/program files (x86)/atmel/studio/7.0/toolchain/arm/arm-gnu-toolchain/bin/../lib/gcc/arm-none-eabi/6.3.1/../../../../arm-none-eabi/lib/thumb/v7e-m\libc.a(lib_a-mallocr.o)
                0x20401024                __malloc_top_pad
 *(COMMON)
 COMMON         0x20401028        0x4 src/ASF/common/utils/stdio/read.o
                0x20401028                ptr_get
 COMMON         0x2040102c        0x8 src/ASF/common/utils/stdio/write.o
                0x2040102c                ptr_put
                0x20401030                stdio_base
 COMMON         0x20401034        0x6 src/ASF/common/services/sleepmgr/sam/sleepmgr.o
                0x20401034                sleepmgr_locks
 *fill*         0x2040103a        0x2 
 COMMON         0x2040103c       0x18 src/ASF/sam/drivers/usbhs/usbhs_device.o
                0x2040103c                udd_g_ctrlreq
 COMMON         0x20401054       0x14 src/main.o
                0x20401054                crapBuf
 COMMON         0x20401068       0x21 c:/program files (x86)/atmel/studio/7.0/toolchain/arm/arm-gnu-toolchain/bin/../lib/gcc/arm-none-eabi/6.3.1/../../../../arm-none-eabi/lib/thumb/v7e-m\libc.a(lib_a-lock.o)
                0x20401068                __lock___atexit_recursive_mutex
                0x2040106c                __lock___arc4random_mutex
                0x20401070                __lock___env_recursive_mutex
                0x20401074                __lock___sinit_recursive_mutex
                0x20401078                __lock___malloc_recursive_mutex
                0x2040107c                __lock___at_quick_exit_mutex
                0x20401080                __lock___dd_hash_mutex
                0x20401084                __lock___tz_mutex
                0x20401088                __lock___sfp_recursive_mutex
 *fill*         0x20401089        0x3 
 COMMON         0x2040108c        0x4 c:/program files (x86)/atmel/studio/7.0/toolchain/arm/arm-gnu-toolchain/bin/../lib/gcc/arm-none-eabi/6.3.1/../../../../arm-none-eabi/lib/thumb/v7e-m\libc.a(lib_a-reent.o)
                0x2040108c                errno
                0x20401090                . = ALIGN (0x4)
                0x20401090                _ebss = .
                0x20401090                _ezero = .

.stack          0x20401090     0x2000 load address 0x00408060
                0x20401090                . = ALIGN (0x8)
                0x20401090                _sstack = .
                0x20403090                . = (. + STACK_SIZE)
 *fill*         0x20401090     0x2000 
                0x20403090                . = ALIGN (0x8)
                0x20403090                _estack = .

.heap           0x20403090      0x200 load address 0x0040a060
                0x20403090                . = ALIGN (0x8)
                0x20403090                _sheap = .
                0x20403290                . = (. + HEAP_SIZE)
 *fill*         0x20403090      0x200 
                0x20403290                . = ALIGN (0x8)
                0x20403290                _eheap = .
                0x20403290                . = ALIGN (0x4)
                0x20403290                _end = .
                0x2045ffff                _ram_end_ = ((ORIGIN (ram) + LENGTH (ram)) - 0x1)
OUTPUT(EXAMPLE_USB_DEVICE_VENDOR_CLASS.elf elf32-littlearm)

.ARM.attributes
                0x00000000       0x2e
 .ARM.attributes
                0x00000000       0x1e c:/program files (x86)/atmel/studio/7.0/toolchain/arm/arm-gnu-toolchain/bin/../lib/gcc/arm-none-eabi/6.3.1/thumb/v7e-m/crti.o
 .ARM.attributes
                0x0000001e       0x2e c:/program files (x86)/atmel/studio/7.0/toolchain/arm/arm-gnu-toolchain/bin/../lib/gcc/arm-none-eabi/6.3.1/thumb/v7e-m/crtbegin.o
 .ARM.attributes
                0x0000004c       0x37 src/ASF/common/utils/stdio/read.o
 .ARM.attributes
                0x00000083       0x37 src/ASF/common/utils/stdio/write.o
 .ARM.attributes
                0x000000ba       0x37 src/ASF/sam/drivers/usart/usart.o
 .ARM.attributes
                0x000000f1       0x37 src/ASF/sam/drivers/sdramc/sdramc.o
 .ARM.attributes
                0x00000128       0x37 src/ASF/common/services/delay/sam/cycle_counter.o
 .ARM.attributes
                0x0000015f       0x37 src/ASF/sam/drivers/uart/uart.o
 .ARM.attributes
                0x00000196       0x37 src/ASF/common/services/usb/class/vendor/device/example/samv71q21_samv71_xplained_ultra/ui.o
 .ARM.attributes
                0x000001cd       0x37 src/ASF/common/services/clock/samv71/sysclk.o
 .ARM.attributes
                0x00000204       0x37 src/ASF/common/services/sleepmgr/sam/sleepmgr.o
 .ARM.attributes
                0x0000023b       0x37 src/ASF/common/services/usb/class/vendor/device/udi_vendor.o
 .ARM.attributes
                0x00000272       0x37 src/ASF/common/services/usb/class/vendor/device/udi_vendor_desc.o
 .ARM.attributes
                0x000002a9       0x37 src/ASF/common/services/usb/udc/udc.o
 .ARM.attributes
                0x000002e0       0x37 src/ASF/common/utils/interrupt/interrupt_sam_nvic.o
 .ARM.attributes
                0x00000317       0x37 src/ASF/sam/boards/samv71_xplained_ultra/init.o
 .ARM.attributes
                0x0000034e       0x37 src/ASF/sam/drivers/pio/pio.o
 .ARM.attributes
                0x00000385       0x37 src/ASF/sam/drivers/pio/pio_handler.o
 .ARM.attributes
                0x000003bc       0x37 src/ASF/sam/drivers/pmc/pmc.o
 .ARM.attributes
                0x000003f3       0x37 src/ASF/sam/drivers/pmc/sleep.o
 .ARM.attributes
                0x0000042a       0x37 src/ASF/sam/drivers/usbhs/usbhs_device.o
 .ARM.attributes
                0x00000461       0x37 src/ASF/sam/utils/cmsis/samv71/source/templates/gcc/startup_samv71.o
 .ARM.attributes
                0x00000498       0x37 src/ASF/sam/utils/cmsis/samv71/source/templates/system_samv71.o
 .ARM.attributes
                0x000004cf       0x37 src/ASF/sam/utils/syscalls/gcc/syscalls.o
 .ARM.attributes
                0x00000506       0x37 src/main.o
 .ARM.attributes
                0x0000053d       0x2e c:/program files (x86)/atmel/studio/7.0/toolchain/arm/arm-gnu-toolchain/bin/../lib/gcc/arm-none-eabi/6.3.1/../../../../arm-none-eabi/lib/thumb/v7e-m\libc.a(lib_a-impure.o)
 .ARM.attributes
                0x0000056b       0x2e c:/program files (x86)/atmel/studio/7.0/toolchain/arm/arm-gnu-toolchain/bin/../lib/gcc/arm-none-eabi/6.3.1/../../../../arm-none-eabi/lib/thumb/v7e-m\libc.a(lib_a-init.o)
 .ARM.attributes
                0x00000599       0x2e c:/program files (x86)/atmel/studio/7.0/toolchain/arm/arm-gnu-toolchain/bin/../lib/gcc/arm-none-eabi/6.3.1/../../../../arm-none-eabi/lib/thumb/v7e-m\libc.a(lib_a-iprintf.o)
 .ARM.attributes
                0x000005c7       0x2e c:/program files (x86)/atmel/studio/7.0/toolchain/arm/arm-gnu-toolchain/bin/../lib/gcc/arm-none-eabi/6.3.1/../../../../arm-none-eabi/lib/thumb/v7e-m\libc.a(lib_a-memset.o)
 .ARM.attributes
                0x000005f5       0x2e c:/program files (x86)/atmel/studio/7.0/toolchain/arm/arm-gnu-toolchain/bin/../lib/gcc/arm-none-eabi/6.3.1/../../../../arm-none-eabi/lib/thumb/v7e-m\libc.a(lib_a-setbuf.o)
 .ARM.attributes
                0x00000623       0x2e c:/program files (x86)/atmel/studio/7.0/toolchain/arm/arm-gnu-toolchain/bin/../lib/gcc/arm-none-eabi/6.3.1/../../../../arm-none-eabi/lib/thumb/v7e-m\libc.a(lib_a-setvbuf.o)
 .ARM.attributes
                0x00000651       0x2e c:/program files (x86)/atmel/studio/7.0/toolchain/arm/arm-gnu-toolchain/bin/../lib/gcc/arm-none-eabi/6.3.1/../../../../arm-none-eabi/lib/thumb/v7e-m\libc.a(lib_a-vfiprintf.o)
 .ARM.attributes
                0x0000067f       0x2e c:/program files (x86)/atmel/studio/7.0/toolchain/arm/arm-gnu-toolchain/bin/../lib/gcc/arm-none-eabi/6.3.1/../../../../arm-none-eabi/lib/thumb/v7e-m\libc.a(lib_a-wsetup.o)
 .ARM.attributes
                0x000006ad       0x2e c:/program files (x86)/atmel/studio/7.0/toolchain/arm/arm-gnu-toolchain/bin/../lib/gcc/arm-none-eabi/6.3.1/../../../../arm-none-eabi/lib/thumb/v7e-m\libc.a(lib_a-__call_atexit.o)
 .ARM.attributes
                0x000006db       0x2e c:/program files (x86)/atmel/studio/7.0/toolchain/arm/arm-gnu-toolchain/bin/../lib/gcc/arm-none-eabi/6.3.1/../../../../arm-none-eabi/lib/thumb/v7e-m\libc.a(lib_a-atexit.o)
 .ARM.attributes
                0x00000709       0x2e c:/program files (x86)/atmel/studio/7.0/toolchain/arm/arm-gnu-toolchain/bin/../lib/gcc/arm-none-eabi/6.3.1/../../../../arm-none-eabi/lib/thumb/v7e-m\libc.a(lib_a-fflush.o)
 .ARM.attributes
                0x00000737       0x2e c:/program files (x86)/atmel/studio/7.0/toolchain/arm/arm-gnu-toolchain/bin/../lib/gcc/arm-none-eabi/6.3.1/../../../../arm-none-eabi/lib/thumb/v7e-m\libc.a(lib_a-findfp.o)
 .ARM.attributes
                0x00000765       0x2e c:/program files (x86)/atmel/studio/7.0/toolchain/arm/arm-gnu-toolchain/bin/../lib/gcc/arm-none-eabi/6.3.1/../../../../arm-none-eabi/lib/thumb/v7e-m\libc.a(lib_a-fini.o)
 .ARM.attributes
                0x00000793       0x2e c:/program files (x86)/atmel/studio/7.0/toolchain/arm/arm-gnu-toolchain/bin/../lib/gcc/arm-none-eabi/6.3.1/../../../../arm-none-eabi/lib/thumb/v7e-m\libc.a(lib_a-fputwc.o)
 .ARM.attributes
                0x000007c1       0x2e c:/program files (x86)/atmel/studio/7.0/toolchain/arm/arm-gnu-toolchain/bin/../lib/gcc/arm-none-eabi/6.3.1/../../../../arm-none-eabi/lib/thumb/v7e-m\libc.a(lib_a-freer.o)
 .ARM.attributes
                0x000007ef       0x2e c:/program files (x86)/atmel/studio/7.0/toolchain/arm/arm-gnu-toolchain/bin/../lib/gcc/arm-none-eabi/6.3.1/../../../../arm-none-eabi/lib/thumb/v7e-m\libc.a(lib_a-fvwrite.o)
 .ARM.attributes
                0x0000081d       0x2e c:/program files (x86)/atmel/studio/7.0/toolchain/arm/arm-gnu-toolchain/bin/../lib/gcc/arm-none-eabi/6.3.1/../../../../arm-none-eabi/lib/thumb/v7e-m\libc.a(lib_a-fwalk.o)
 .ARM.attributes
                0x0000084b       0x2e c:/program files (x86)/atmel/studio/7.0/toolchain/arm/arm-gnu-toolchain/bin/../lib/gcc/arm-none-eabi/6.3.1/../../../../arm-none-eabi/lib/thumb/v7e-m\libc.a(lib_a-locale.o)
 .ARM.attributes
                0x00000879       0x2e c:/program files (x86)/atmel/studio/7.0/toolchain/arm/arm-gnu-toolchain/bin/../lib/gcc/arm-none-eabi/6.3.1/../../../../arm-none-eabi/lib/thumb/v7e-m\libc.a(lib_a-lock.o)
 .ARM.attributes
                0x000008a7       0x2e c:/program files (x86)/atmel/studio/7.0/toolchain/arm/arm-gnu-toolchain/bin/../lib/gcc/arm-none-eabi/6.3.1/../../../../arm-none-eabi/lib/thumb/v7e-m\libc.a(lib_a-makebuf.o)
 .ARM.attributes
                0x000008d5       0x2e c:/program files (x86)/atmel/studio/7.0/toolchain/arm/arm-gnu-toolchain/bin/../lib/gcc/arm-none-eabi/6.3.1/../../../../arm-none-eabi/lib/thumb/v7e-m\libc.a(lib_a-malloc.o)
 .ARM.attributes
                0x00000903       0x2e c:/program files (x86)/atmel/studio/7.0/toolchain/arm/arm-gnu-toolchain/bin/../lib/gcc/arm-none-eabi/6.3.1/../../../../arm-none-eabi/lib/thumb/v7e-m\libc.a(lib_a-mallocr.o)
 .ARM.attributes
                0x00000931       0x2e c:/program files (x86)/atmel/studio/7.0/toolchain/arm/arm-gnu-toolchain/bin/../lib/gcc/arm-none-eabi/6.3.1/../../../../arm-none-eabi/lib/thumb/v7e-m\libc.a(lib_a-mbtowc_r.o)
 .ARM.attributes
                0x0000095f       0x1c c:/program files (x86)/atmel/studio/7.0/toolchain/arm/arm-gnu-toolchain/bin/../lib/gcc/arm-none-eabi/6.3.1/../../../../arm-none-eabi/lib/thumb/v7e-m\libc.a(lib_a-memchr.o)
 .ARM.attributes
                0x0000097b       0x1c c:/program files (x86)/atmel/studio/7.0/toolchain/arm/arm-gnu-toolchain/bin/../lib/gcc/arm-none-eabi/6.3.1/../../../../arm-none-eabi/lib/thumb/v7e-m\libc.a(lib_a-memcpy.o)
 .ARM.attributes
                0x00000997       0x2e c:/program files (x86)/atmel/studio/7.0/toolchain/arm/arm-gnu-toolchain/bin/../lib/gcc/arm-none-eabi/6.3.1/../../../../arm-none-eabi/lib/thumb/v7e-m\libc.a(lib_a-memmove.o)
 .ARM.attributes
                0x000009c5       0x2e c:/program files (x86)/atmel/studio/7.0/toolchain/arm/arm-gnu-toolchain/bin/../lib/gcc/arm-none-eabi/6.3.1/../../../../arm-none-eabi/lib/thumb/v7e-m\libc.a(lib_a-mlock.o)
 .ARM.attributes
                0x000009f3       0x2e c:/program files (x86)/atmel/studio/7.0/toolchain/arm/arm-gnu-toolchain/bin/../lib/gcc/arm-none-eabi/6.3.1/../../../../arm-none-eabi/lib/thumb/v7e-m\libc.a(lib_a-reallocr.o)
 .ARM.attributes
                0x00000a21       0x2e c:/program files (x86)/atmel/studio/7.0/toolchain/arm/arm-gnu-toolchain/bin/../lib/gcc/arm-none-eabi/6.3.1/../../../../arm-none-eabi/lib/thumb/v7e-m\libc.a(lib_a-sbrkr.o)
 .ARM.attributes
                0x00000a4f       0x2e c:/program files (x86)/atmel/studio/7.0/toolchain/arm/arm-gnu-toolchain/bin/../lib/gcc/arm-none-eabi/6.3.1/../../../../arm-none-eabi/lib/thumb/v7e-m\libc.a(lib_a-stdio.o)
 .ARM.attributes
                0x00000a7d       0x1c c:/program files (x86)/atmel/studio/7.0/toolchain/arm/arm-gnu-toolchain/bin/../lib/gcc/arm-none-eabi/6.3.1/../../../../arm-none-eabi/lib/thumb/v7e-m\libc.a(lib_a-strlen.o)
 .ARM.attributes
                0x00000a99       0x2e c:/program files (x86)/atmel/studio/7.0/toolchain/arm/arm-gnu-toolchain/bin/../lib/gcc/arm-none-eabi/6.3.1/../../../../arm-none-eabi/lib/thumb/v7e-m\libc.a(lib_a-wbuf.o)
 .ARM.attributes
                0x00000ac7       0x2e c:/program files (x86)/atmel/studio/7.0/toolchain/arm/arm-gnu-toolchain/bin/../lib/gcc/arm-none-eabi/6.3.1/../../../../arm-none-eabi/lib/thumb/v7e-m\libc.a(lib_a-wcrtomb.o)
 .ARM.attributes
                0x00000af5       0x2e c:/program files (x86)/atmel/studio/7.0/toolchain/arm/arm-gnu-toolchain/bin/../lib/gcc/arm-none-eabi/6.3.1/../../../../arm-none-eabi/lib/thumb/v7e-m\libc.a(lib_a-wctomb_r.o)
 .ARM.attributes
                0x00000b23       0x2e c:/program files (x86)/atmel/studio/7.0/toolchain/arm/arm-gnu-toolchain/bin/../lib/gcc/arm-none-eabi/6.3.1/../../../../arm-none-eabi/lib/thumb/v7e-m\libc.a(lib_a-writer.o)
 .ARM.attributes
                0x00000b51       0x2e c:/program files (x86)/atmel/studio/7.0/toolchain/arm/arm-gnu-toolchain/bin/../lib/gcc/arm-none-eabi/6.3.1/../../../../arm-none-eabi/lib/thumb/v7e-m\libc.a(lib_a-__atexit.o)
 .ARM.attributes
                0x00000b7f       0x2e c:/program files (x86)/atmel/studio/7.0/toolchain/arm/arm-gnu-toolchain/bin/../lib/gcc/arm-none-eabi/6.3.1/../../../../arm-none-eabi/lib/thumb/v7e-m\libc.a(lib_a-closer.o)
 .ARM.attributes
                0x00000bad       0x2e c:/program files (x86)/atmel/studio/7.0/toolchain/arm/arm-gnu-toolchain/bin/../lib/gcc/arm-none-eabi/6.3.1/../../../../arm-none-eabi/lib/thumb/v7e-m\libc.a(lib_a-ctype_.o)
 .ARM.attributes
                0x00000bdb       0x2e c:/program files (x86)/atmel/studio/7.0/toolchain/arm/arm-gnu-toolchain/bin/../lib/gcc/arm-none-eabi/6.3.1/../../../../arm-none-eabi/lib/thumb/v7e-m\libc.a(lib_a-fclose.o)
 .ARM.attributes
                0x00000c09       0x2e c:/program files (x86)/atmel/studio/7.0/toolchain/arm/arm-gnu-toolchain/bin/../lib/gcc/arm-none-eabi/6.3.1/../../../../arm-none-eabi/lib/thumb/v7e-m\libc.a(lib_a-fstatr.o)
 .ARM.attributes
                0x00000c37       0x2e c:/program files (x86)/atmel/studio/7.0/toolchain/arm/arm-gnu-toolchain/bin/../lib/gcc/arm-none-eabi/6.3.1/../../../../arm-none-eabi/lib/thumb/v7e-m\libc.a(lib_a-isattyr.o)
 .ARM.attributes
                0x00000c65       0x2e c:/program files (x86)/atmel/studio/7.0/toolchain/arm/arm-gnu-toolchain/bin/../lib/gcc/arm-none-eabi/6.3.1/../../../../arm-none-eabi/lib/thumb/v7e-m\libc.a(lib_a-lseekr.o)
 .ARM.attributes
                0x00000c93       0x2e c:/program files (x86)/atmel/studio/7.0/toolchain/arm/arm-gnu-toolchain/bin/../lib/gcc/arm-none-eabi/6.3.1/../../../../arm-none-eabi/lib/thumb/v7e-m\libc.a(lib_a-readr.o)
 .ARM.attributes
                0x00000cc1       0x2e c:/program files (x86)/atmel/studio/7.0/toolchain/arm/arm-gnu-toolchain/bin/../lib/gcc/arm-none-eabi/6.3.1/../../../../arm-none-eabi/lib/thumb/v7e-m\libc.a(lib_a-reent.o)
 .ARM.attributes
                0x00000cef       0x1e c:/program files (x86)/atmel/studio/7.0/toolchain/arm/arm-gnu-toolchain/bin/../lib/gcc/arm-none-eabi/6.3.1/thumb/v7e-m\libgcc.a(_aeabi_uldivmod.o)
 .ARM.attributes
                0x00000d0d       0x2e c:/program files (x86)/atmel/studio/7.0/toolchain/arm/arm-gnu-toolchain/bin/../lib/gcc/arm-none-eabi/6.3.1/thumb/v7e-m\libgcc.a(_udivmoddi4.o)
 .ARM.attributes
                0x00000d3b       0x1e c:/program files (x86)/atmel/studio/7.0/toolchain/arm/arm-gnu-toolchain/bin/../lib/gcc/arm-none-eabi/6.3.1/thumb/v7e-m\libgcc.a(_dvmd_tls.o)
 .ARM.attributes
                0x00000d59       0x1e c:/program files (x86)/atmel/studio/7.0/toolchain/arm/arm-gnu-toolchain/bin/../lib/gcc/arm-none-eabi/6.3.1/thumb/v7e-m/crtn.o

.comment        0x00000000       0x59
 .comment       0x00000000       0x59 src/ASF/common/utils/stdio/read.o
                                 0x5a (size before relaxing)
 .comment       0x00000059       0x5a src/ASF/common/utils/stdio/write.o
 .comment       0x00000059       0x5a src/ASF/sam/drivers/usart/usart.o
 .comment       0x00000059       0x5a src/ASF/sam/drivers/sdramc/sdramc.o
 .comment       0x00000059       0x5a src/ASF/common/services/delay/sam/cycle_counter.o
 .comment       0x00000059       0x5a src/ASF/sam/drivers/uart/uart.o
 .comment       0x00000059       0x5a src/ASF/common/services/usb/class/vendor/device/example/samv71q21_samv71_xplained_ultra/ui.o
 .comment       0x00000059       0x5a src/ASF/common/services/clock/samv71/sysclk.o
 .comment       0x00000059       0x5a src/ASF/common/services/sleepmgr/sam/sleepmgr.o
 .comment       0x00000059       0x5a src/ASF/common/services/usb/class/vendor/device/udi_vendor.o
 .comment       0x00000059       0x5a src/ASF/common/services/usb/class/vendor/device/udi_vendor_desc.o
 .comment       0x00000059       0x5a src/ASF/common/services/usb/udc/udc.o
 .comment       0x00000059       0x5a src/ASF/common/utils/interrupt/interrupt_sam_nvic.o
 .comment       0x00000059       0x5a src/ASF/sam/boards/samv71_xplained_ultra/init.o
 .comment       0x00000059       0x5a src/ASF/sam/drivers/pio/pio.o
 .comment       0x00000059       0x5a src/ASF/sam/drivers/pio/pio_handler.o
 .comment       0x00000059       0x5a src/ASF/sam/drivers/pmc/pmc.o
 .comment       0x00000059       0x5a src/ASF/sam/drivers/pmc/sleep.o
 .comment       0x00000059       0x5a src/ASF/sam/drivers/usbhs/usbhs_device.o
 .comment       0x00000059       0x5a src/ASF/sam/utils/cmsis/samv71/source/templates/gcc/startup_samv71.o
 .comment       0x00000059       0x5a src/ASF/sam/utils/cmsis/samv71/source/templates/system_samv71.o
 .comment       0x00000059       0x5a src/ASF/sam/utils/syscalls/gcc/syscalls.o
 .comment       0x00000059       0x5a src/main.o

.debug_info     0x00000000    0x21f5d
 .debug_info    0x00000000      0xac9 src/ASF/common/utils/stdio/read.o
 .debug_info    0x00000ac9      0xac6 src/ASF/common/utils/stdio/write.o
 .debug_info    0x0000158f     0x23ac src/ASF/sam/drivers/usart/usart.o
 .debug_info    0x0000393b      0xfe2 src/ASF/sam/drivers/sdramc/sdramc.o
 .debug_info    0x0000491d      0xa45 src/ASF/common/services/delay/sam/cycle_counter.o
 .debug_info    0x00005362     0x1072 src/ASF/sam/drivers/uart/uart.o
 .debug_info    0x000063d4     0x1811 src/ASF/common/services/usb/class/vendor/device/example/samv71q21_samv71_xplained_ultra/ui.o
 .debug_info    0x00007be5     0x12a4 src/ASF/common/services/clock/samv71/sysclk.o
 .debug_info    0x00008e89      0xa8e src/ASF/common/services/sleepmgr/sam/sleepmgr.o
 .debug_info    0x00009917     0x1248 src/ASF/common/services/usb/class/vendor/device/udi_vendor.o
 .debug_info    0x0000ab5f     0x10c1 src/ASF/common/services/usb/class/vendor/device/udi_vendor_desc.o
 .debug_info    0x0000bc20     0x1a8a src/ASF/common/services/usb/udc/udc.o
 .debug_info    0x0000d6aa      0xb01 src/ASF/common/utils/interrupt/interrupt_sam_nvic.o
 .debug_info    0x0000e1ab     0x2349 src/ASF/sam/boards/samv71_xplained_ultra/init.o
 .debug_info    0x000104f4     0x2174 src/ASF/sam/drivers/pio/pio.o
 .debug_info    0x00012668     0x1b84 src/ASF/sam/drivers/pio/pio_handler.o
 .debug_info    0x000141ec     0x1f12 src/ASF/sam/drivers/pmc/pmc.o
 .debug_info    0x000160fe     0x16e4 src/ASF/sam/drivers/pmc/sleep.o
 .debug_info    0x000177e2     0x3bb8 src/ASF/sam/drivers/usbhs/usbhs_device.o
 .debug_info    0x0001b39a     0x1600 src/ASF/sam/utils/cmsis/samv71/source/templates/gcc/startup_samv71.o
 .debug_info    0x0001c99a      0x5d0 src/ASF/sam/utils/cmsis/samv71/source/templates/system_samv71.o
 .debug_info    0x0001cf6a      0xdb0 src/ASF/sam/utils/syscalls/gcc/syscalls.o
 .debug_info    0x0001dd1a     0x4243 src/main.o

.debug_abbrev   0x00000000     0x43df
 .debug_abbrev  0x00000000      0x1fe src/ASF/common/utils/stdio/read.o
 .debug_abbrev  0x000001fe      0x1e9 src/ASF/common/utils/stdio/write.o
 .debug_abbrev  0x000003e7      0x3ca src/ASF/sam/drivers/usart/usart.o
 .debug_abbrev  0x000007b1      0x2fe src/ASF/sam/drivers/sdramc/sdramc.o
 .debug_abbrev  0x00000aaf      0x1b3 src/ASF/common/services/delay/sam/cycle_counter.o
 .debug_abbrev  0x00000c62      0x27b src/ASF/sam/drivers/uart/uart.o
 .debug_abbrev  0x00000edd      0x2d2 src/ASF/common/services/usb/class/vendor/device/example/samv71q21_samv71_xplained_ultra/ui.o
 .debug_abbrev  0x000011af      0x31f src/ASF/common/services/clock/samv71/sysclk.o
 .debug_abbrev  0x000014ce      0x1b2 src/ASF/common/services/sleepmgr/sam/sleepmgr.o
 .debug_abbrev  0x00001680      0x2a8 src/ASF/common/services/usb/class/vendor/device/udi_vendor.o
 .debug_abbrev  0x00001928      0x1c7 src/ASF/common/services/usb/class/vendor/device/udi_vendor_desc.o
 .debug_abbrev  0x00001aef      0x40f src/ASF/common/services/usb/udc/udc.o
 .debug_abbrev  0x00001efe      0x212 src/ASF/common/utils/interrupt/interrupt_sam_nvic.o
 .debug_abbrev  0x00002110      0x345 src/ASF/sam/boards/samv71_xplained_ultra/init.o
 .debug_abbrev  0x00002455      0x410 src/ASF/sam/drivers/pio/pio.o
 .debug_abbrev  0x00002865      0x32f src/ASF/sam/drivers/pio/pio_handler.o
 .debug_abbrev  0x00002b94      0x398 src/ASF/sam/drivers/pmc/pmc.o
 .debug_abbrev  0x00002f2c      0x32b src/ASF/sam/drivers/pmc/sleep.o
 .debug_abbrev  0x00003257      0x5c0 src/ASF/sam/drivers/usbhs/usbhs_device.o
 .debug_abbrev  0x00003817      0x2e4 src/ASF/sam/utils/cmsis/samv71/source/templates/gcc/startup_samv71.o
 .debug_abbrev  0x00003afb      0x102 src/ASF/sam/utils/cmsis/samv71/source/templates/system_samv71.o
 .debug_abbrev  0x00003bfd      0x264 src/ASF/sam/utils/syscalls/gcc/syscalls.o
 .debug_abbrev  0x00003e61      0x57e src/main.o

.debug_loc      0x00000000     0x72c5
 .debug_loc     0x00000000       0xb3 src/ASF/common/utils/stdio/read.o
 .debug_loc     0x000000b3      0x12b src/ASF/common/utils/stdio/write.o
 .debug_loc     0x000001de      0xf35 src/ASF/sam/drivers/usart/usart.o
 .debug_loc     0x00001113       0xfc src/ASF/sam/drivers/sdramc/sdramc.o
 .debug_loc     0x0000120f      0x2a3 src/ASF/sam/drivers/uart/uart.o
 .debug_loc     0x000014b2      0x164 src/ASF/common/services/usb/class/vendor/device/example/samv71q21_samv71_xplained_ultra/ui.o
 .debug_loc     0x00001616      0x183 src/ASF/common/services/clock/samv71/sysclk.o
 .debug_loc     0x00001799      0x4ce src/ASF/common/services/usb/class/vendor/device/udi_vendor.o
 .debug_loc     0x00001c67      0x529 src/ASF/common/services/usb/udc/udc.o
 .debug_loc     0x00002190      0x219 src/ASF/sam/boards/samv71_xplained_ultra/init.o
 .debug_loc     0x000023a9      0xea4 src/ASF/sam/drivers/pio/pio.o
 .debug_loc     0x0000324d      0x588 src/ASF/sam/drivers/pio/pio_handler.o
 .debug_loc     0x000037d5      0xc33 src/ASF/sam/drivers/pmc/pmc.o
 .debug_loc     0x00004408      0x389 src/ASF/sam/drivers/pmc/sleep.o
 .debug_loc     0x00004791     0x169f src/ASF/sam/drivers/usbhs/usbhs_device.o
 .debug_loc     0x00005e30       0x77 src/ASF/sam/utils/cmsis/samv71/source/templates/gcc/startup_samv71.o
 .debug_loc     0x00005ea7       0xfd src/ASF/sam/utils/syscalls/gcc/syscalls.o
 .debug_loc     0x00005fa4     0x1321 src/main.o

.debug_aranges  0x00000000      0xce8
 .debug_aranges
                0x00000000       0x20 src/ASF/common/utils/stdio/read.o
 .debug_aranges
                0x00000020       0x20 src/ASF/common/utils/stdio/write.o
 .debug_aranges
                0x00000040      0x2a8 src/ASF/sam/drivers/usart/usart.o
 .debug_aranges
                0x000002e8       0x28 src/ASF/sam/drivers/sdramc/sdramc.o
 .debug_aranges
                0x00000310       0x20 src/ASF/common/services/delay/sam/cycle_counter.o
 .debug_aranges
                0x00000330       0xd8 src/ASF/sam/drivers/uart/uart.o
 .debug_aranges
                0x00000408       0x40 src/ASF/common/services/usb/class/vendor/device/example/samv71q21_samv71_xplained_ultra/ui.o
 .debug_aranges
                0x00000448       0x40 src/ASF/common/services/clock/samv71/sysclk.o
 .debug_aranges
                0x00000488       0x18 src/ASF/common/services/sleepmgr/sam/sleepmgr.o
 .debug_aranges
                0x000004a0       0x68 src/ASF/common/services/usb/class/vendor/device/udi_vendor.o
 .debug_aranges
                0x00000508       0x18 src/ASF/common/services/usb/class/vendor/device/udi_vendor_desc.o
 .debug_aranges
                0x00000520       0x70 src/ASF/common/services/usb/udc/udc.o
 .debug_aranges
                0x00000590       0x28 src/ASF/common/utils/interrupt/interrupt_sam_nvic.o
 .debug_aranges
                0x000005b8       0x20 src/ASF/sam/boards/samv71_xplained_ultra/init.o
 .debug_aranges
                0x000005d8      0x1a8 src/ASF/sam/drivers/pio/pio.o
 .debug_aranges
                0x00000780       0x60 src/ASF/sam/drivers/pio/pio_handler.o
 .debug_aranges
                0x000007e0      0x250 src/ASF/sam/drivers/pmc/pmc.o
 .debug_aranges
                0x00000a30       0x30 src/ASF/sam/drivers/pmc/sleep.o
 .debug_aranges
                0x00000a60      0x100 src/ASF/sam/drivers/usbhs/usbhs_device.o
 .debug_aranges
                0x00000b60       0x28 src/ASF/sam/utils/cmsis/samv71/source/templates/gcc/startup_samv71.o
 .debug_aranges
                0x00000b88       0x30 src/ASF/sam/utils/cmsis/samv71/source/templates/system_samv71.o
 .debug_aranges
                0x00000bb8       0x60 src/ASF/sam/utils/syscalls/gcc/syscalls.o
 .debug_aranges
                0x00000c18       0xd0 src/main.o

.debug_ranges   0x00000000      0xe00
 .debug_ranges  0x00000000       0x10 src/ASF/common/utils/stdio/read.o
 .debug_ranges  0x00000010       0x10 src/ASF/common/utils/stdio/write.o
 .debug_ranges  0x00000020      0x298 src/ASF/sam/drivers/usart/usart.o
 .debug_ranges  0x000002b8       0x48 src/ASF/sam/drivers/sdramc/sdramc.o
 .debug_ranges  0x00000300       0x10 src/ASF/common/services/delay/sam/cycle_counter.o
 .debug_ranges  0x00000310       0xc8 src/ASF/sam/drivers/uart/uart.o
 .debug_ranges  0x000003d8       0x30 src/ASF/common/services/usb/class/vendor/device/example/samv71q21_samv71_xplained_ultra/ui.o
 .debug_ranges  0x00000408       0x30 src/ASF/common/services/clock/samv71/sysclk.o
 .debug_ranges  0x00000438       0x58 src/ASF/common/services/usb/class/vendor/device/udi_vendor.o
 .debug_ranges  0x00000490       0xc8 src/ASF/common/services/usb/udc/udc.o
 .debug_ranges  0x00000558       0x18 src/ASF/common/utils/interrupt/interrupt_sam_nvic.o
 .debug_ranges  0x00000570       0x10 src/ASF/sam/boards/samv71_xplained_ultra/init.o
 .debug_ranges  0x00000580      0x2a0 src/ASF/sam/drivers/pio/pio.o
 .debug_ranges  0x00000820       0x68 src/ASF/sam/drivers/pio/pio_handler.o
 .debug_ranges  0x00000888      0x240 src/ASF/sam/drivers/pmc/pmc.o
 .debug_ranges  0x00000ac8       0x50 src/ASF/sam/drivers/pmc/sleep.o
 .debug_ranges  0x00000b18      0x158 src/ASF/sam/drivers/usbhs/usbhs_device.o
 .debug_ranges  0x00000c70       0x18 src/ASF/sam/utils/cmsis/samv71/source/templates/gcc/startup_samv71.o
 .debug_ranges  0x00000c88       0x20 src/ASF/sam/utils/cmsis/samv71/source/templates/system_samv71.o
 .debug_ranges  0x00000ca8       0x50 src/ASF/sam/utils/syscalls/gcc/syscalls.o
 .debug_ranges  0x00000cf8      0x108 src/main.o

.debug_macro    0x00000000    0x2385d
 .debug_macro   0x00000000      0x68d src/ASF/common/utils/stdio/read.o
 .debug_macro   0x0000068d      0x8d4 src/ASF/common/utils/stdio/read.o
 .debug_macro   0x00000f61      0x16d src/ASF/common/utils/stdio/read.o
 .debug_macro   0x000010ce      0x708 src/ASF/common/utils/stdio/read.o
 .debug_macro   0x000017d6       0x76 src/ASF/common/utils/stdio/read.o
 .debug_macro   0x0000184c       0x16 src/ASF/common/utils/stdio/read.o
 .debug_macro   0x00001862      0x6da src/ASF/common/utils/stdio/read.o
 .debug_macro   0x00001f3c       0x22 src/ASF/common/utils/stdio/read.o
 .debug_macro   0x00001f5e       0x87 src/ASF/common/utils/stdio/read.o
 .debug_macro   0x00001fe5       0x51 src/ASF/common/utils/stdio/read.o
 .debug_macro   0x00002036       0xef src/ASF/common/utils/stdio/read.o
 .debug_macro   0x00002125       0x6a src/ASF/common/utils/stdio/read.o
 .debug_macro   0x0000218f      0x1df src/ASF/common/utils/stdio/read.o
 .debug_macro   0x0000236e       0x51 src/ASF/common/utils/stdio/read.o
 .debug_macro   0x000023bf       0x3b src/ASF/common/utils/stdio/read.o
 .debug_macro   0x000023fa       0x2d src/ASF/common/utils/stdio/read.o
 .debug_macro   0x00002427       0x26 src/ASF/common/utils/stdio/read.o
 .debug_macro   0x0000244d      0xf9a src/ASF/common/utils/stdio/read.o
 .debug_macro   0x000033e7      0x191 src/ASF/common/utils/stdio/read.o
 .debug_macro   0x00003578      0x2ee src/ASF/common/utils/stdio/read.o
 .debug_macro   0x00003866      0xa23 src/ASF/common/utils/stdio/read.o
 .debug_macro   0x00004289      0x1b4 src/ASF/common/utils/stdio/read.o
 .debug_macro   0x0000443d      0x35f src/ASF/common/utils/stdio/read.o
 .debug_macro   0x0000479c      0x15a src/ASF/common/utils/stdio/read.o
 .debug_macro   0x000048f6     0x18f9 src/ASF/common/utils/stdio/read.o
 .debug_macro   0x000061ef       0x1c src/ASF/common/utils/stdio/read.o
 .debug_macro   0x0000620b      0x6a2 src/ASF/common/utils/stdio/read.o
 .debug_macro   0x000068ad      0x263 src/ASF/common/utils/stdio/read.o
 .debug_macro   0x00006b10      0x315 src/ASF/common/utils/stdio/read.o
 .debug_macro   0x00006e25      0x4f0 src/ASF/common/utils/stdio/read.o
 .debug_macro   0x00007315      0x2c4 src/ASF/common/utils/stdio/read.o
 .debug_macro   0x000075d9     0x1527 src/ASF/common/utils/stdio/read.o
 .debug_macro   0x00008b00      0x285 src/ASF/common/utils/stdio/read.o
 .debug_macro   0x00008d85     0x2a40 src/ASF/common/utils/stdio/read.o
 .debug_macro   0x0000b7c5     0x113e src/ASF/common/utils/stdio/read.o
 .debug_macro   0x0000c903      0xcdb src/ASF/common/utils/stdio/read.o
 .debug_macro   0x0000d5de      0x3c6 src/ASF/common/utils/stdio/read.o
 .debug_macro   0x0000d9a4       0xa0 src/ASF/common/utils/stdio/read.o
 .debug_macro   0x0000da44       0x76 src/ASF/common/utils/stdio/read.o
 .debug_macro   0x0000daba      0x41e src/ASF/common/utils/stdio/read.o
 .debug_macro   0x0000ded8       0x64 src/ASF/common/utils/stdio/read.o
 .debug_macro   0x0000df3c      0x299 src/ASF/common/utils/stdio/read.o
 .debug_macro   0x0000e1d5      0x201 src/ASF/common/utils/stdio/read.o
 .debug_macro   0x0000e3d6      0x264 src/ASF/common/utils/stdio/read.o
 .debug_macro   0x0000e63a      0x539 src/ASF/common/utils/stdio/read.o
 .debug_macro   0x0000eb73      0x650 src/ASF/common/utils/stdio/read.o
 .debug_macro   0x0000f1c3      0x6cc src/ASF/common/utils/stdio/read.o
 .debug_macro   0x0000f88f       0x64 src/ASF/common/utils/stdio/read.o
 .debug_macro   0x0000f8f3      0x4c4 src/ASF/common/utils/stdio/read.o
 .debug_macro   0x0000fdb7      0x237 src/ASF/common/utils/stdio/read.o
 .debug_macro   0x0000ffee      0xa06 src/ASF/common/utils/stdio/read.o
 .debug_macro   0x000109f4     0x14f3 src/ASF/common/utils/stdio/read.o
 .debug_macro   0x00011ee7       0x40 src/ASF/common/utils/stdio/read.o
 .debug_macro   0x00011f27       0x76 src/ASF/common/utils/stdio/read.o
 .debug_macro   0x00011f9d      0xdd1 src/ASF/common/utils/stdio/read.o
 .debug_macro   0x00012d6e       0x88 src/ASF/common/utils/stdio/read.o
 .debug_macro   0x00012df6       0x7c src/ASF/common/utils/stdio/read.o
 .debug_macro   0x00012e72       0x52 src/ASF/common/utils/stdio/read.o
 .debug_macro   0x00012ec4      0x133 src/ASF/common/utils/stdio/read.o
 .debug_macro   0x00012ff7      0x133 src/ASF/common/utils/stdio/read.o
 .debug_macro   0x0001312a      0x133 src/ASF/common/utils/stdio/read.o
 .debug_macro   0x0001325d       0x76 src/ASF/common/utils/stdio/read.o
 .debug_macro   0x000132d3       0x76 src/ASF/common/utils/stdio/read.o
 .debug_macro   0x00013349      0x2fe src/ASF/common/utils/stdio/read.o
 .debug_macro   0x00013647       0xca src/ASF/common/utils/stdio/read.o
 .debug_macro   0x00013711       0xca src/ASF/common/utils/stdio/read.o
 .debug_macro   0x000137db       0xca src/ASF/common/utils/stdio/read.o
 .debug_macro   0x000138a5      0x13b src/ASF/common/utils/stdio/read.o
 .debug_macro   0x000139e0      0x13b src/ASF/common/utils/stdio/read.o
 .debug_macro   0x00013b1b      0x2cd src/ASF/common/utils/stdio/read.o
 .debug_macro   0x00013de8       0xbe src/ASF/common/utils/stdio/read.o
 .debug_macro   0x00013ea6       0x64 src/ASF/common/utils/stdio/read.o
 .debug_macro   0x00013f0a       0x46 src/ASF/common/utils/stdio/read.o
 .debug_macro   0x00013f50       0x4c src/ASF/common/utils/stdio/read.o
 .debug_macro   0x00013f9c       0xa6 src/ASF/common/utils/stdio/read.o
 .debug_macro   0x00014042      0x4b7 src/ASF/common/utils/stdio/read.o
 .debug_macro   0x000144f9      0x133 src/ASF/common/utils/stdio/read.o
 .debug_macro   0x0001462c       0x52 src/ASF/common/utils/stdio/read.o
 .debug_macro   0x0001467e      0x2fe src/ASF/common/utils/stdio/read.o
 .debug_macro   0x0001497c       0x76 src/ASF/common/utils/stdio/read.o
 .debug_macro   0x000149f2       0xbe src/ASF/common/utils/stdio/read.o
 .debug_macro   0x00014ab0       0x76 src/ASF/common/utils/stdio/read.o
 .debug_macro   0x00014b26       0x70 src/ASF/common/utils/stdio/read.o
 .debug_macro   0x00014b96       0x34 src/ASF/common/utils/stdio/read.o
 .debug_macro   0x00014bca      0x9b8 src/ASF/common/utils/stdio/read.o
 .debug_macro   0x00015582       0x70 src/ASF/common/utils/stdio/read.o
 .debug_macro   0x000155f2       0x8e src/ASF/common/utils/stdio/read.o
 .debug_macro   0x00015680       0x5e src/ASF/common/utils/stdio/read.o
 .debug_macro   0x000156de       0xb8 src/ASF/common/utils/stdio/read.o
 .debug_macro   0x00015796       0x4c src/ASF/common/utils/stdio/read.o
 .debug_macro   0x000157e2       0x4c src/ASF/common/utils/stdio/read.o
 .debug_macro   0x0001582e       0x16 src/ASF/common/utils/stdio/read.o
 .debug_macro   0x00015844       0xfa src/ASF/common/utils/stdio/read.o
 .debug_macro   0x0001593e       0x52 src/ASF/common/utils/stdio/read.o
 .debug_macro   0x00015990       0x16 src/ASF/common/utils/stdio/read.o
 .debug_macro   0x000159a6       0x52 src/ASF/common/utils/stdio/read.o
 .debug_macro   0x000159f8       0x2e src/ASF/common/utils/stdio/read.o
 .debug_macro   0x00015a26      0x1b3 src/ASF/common/utils/stdio/read.o
 .debug_macro   0x00015bd9      0x1b3 src/ASF/common/utils/stdio/read.o
 .debug_macro   0x00015d8c      0x1b3 src/ASF/common/utils/stdio/read.o
 .debug_macro   0x00015f3f      0x1b3 src/ASF/common/utils/stdio/read.o
 .debug_macro   0x000160f2      0x1b3 src/ASF/common/utils/stdio/read.o
 .debug_macro   0x000162a5       0x1c src/ASF/common/utils/stdio/read.o
 .debug_macro   0x000162c1       0x34 src/ASF/common/utils/stdio/read.o
 .debug_macro   0x000162f5       0x22 src/ASF/common/utils/stdio/read.o
 .debug_macro   0x00016317       0x1c src/ASF/common/utils/stdio/read.o
 .debug_macro   0x00016333       0x58 src/ASF/common/utils/stdio/read.o
 .debug_macro   0x0001638b       0x10 src/ASF/common/utils/stdio/read.o
 .debug_macro   0x0001639b       0x1c src/ASF/common/utils/stdio/read.o
 .debug_macro   0x000163b7       0x52 src/ASF/common/utils/stdio/read.o
 .debug_macro   0x00016409       0x52 src/ASF/common/utils/stdio/read.o
 .debug_macro   0x0001645b       0x52 src/ASF/common/utils/stdio/read.o
 .debug_macro   0x000164ad      0x345 src/ASF/common/utils/stdio/read.o
 .debug_macro   0x000167f2     0x1073 src/ASF/common/utils/stdio/read.o